C  NUMMU= 16  NUMAZI=  1  AZIORDER=  0  NSTOKES=2
C  LAYER_FILE=
   DELTA-M=N
C  SRC_CODE=2   QUAD_TYPE=LOBATTO         
C  LON=   6.000 LAT=  50.000 LFRAC=   1.000
C  GROUND_TEMP=  261.04   GROUND_TYPE=SPECULAR         W10=   0.000
C  GROUND_ALBEDO= 0.05680   SKY_TEMP=    2.73
C  WAVELENGTH=0.333103E+04
C  UNITS=KELVINS - EBB               OUTPUT_POLARIZATION=VH
C  IWV= 3.477031E+00
C  CWP= 1.000000E-01
C  IWP= 0.000000E+00
C  RWP= 0.000000E+00
C  SWP= 0.000000E+00
C  GWP= 0.000000E+00
C  HWP= 0.000000E+00
C    Z      PHI     MU    FLUX/RADIANCE (V,H,U,V)
 29650.0   0.0 -2.00000  249.27  249.27
 29650.0   0.0  2.00000    2.73    2.73
 29650.0   0.0 -1.00000  248.38  248.38
 29650.0   0.0 -0.99261  248.39  248.39
 29650.0   0.0 -0.97529  248.42  248.42
 29650.0   0.0 -0.94828  248.46  248.46
 29650.0   0.0 -0.91185  248.52  248.52
 29650.0   0.0 -0.86635  248.61  248.61
 29650.0   0.0 -0.81224  248.72  248.72
 29650.0   0.0 -0.75006  248.85  248.85
 29650.0   0.0 -0.68043  249.02  249.02
 29650.0   0.0 -0.60403  249.24  249.24
 29650.0   0.0 -0.52163  249.50  249.50
 29650.0   0.0 -0.43405  249.82  249.82
 29650.0   0.0 -0.34215  250.18  250.18
 29650.0   0.0 -0.24685  250.47  250.47
 29650.0   0.0 -0.14910  249.96  249.96
 29650.0   0.0 -0.04986  243.65  243.65
 29650.0   0.0  0.04986    2.73    2.73
 29650.0   0.0  0.14910    2.73    2.73
 29650.0   0.0  0.24685    2.73    2.73
 29650.0   0.0  0.34215    2.73    2.73
 29650.0   0.0  0.43405    2.73    2.73
 29650.0   0.0  0.52163    2.73    2.73
 29650.0   0.0  0.60403    2.73    2.73
 29650.0   0.0  0.68043    2.73    2.73
 29650.0   0.0  0.75006    2.73    2.73
 29650.0   0.0  0.81224    2.73    2.73
 29650.0   0.0  0.86635    2.73    2.73
 29650.0   0.0  0.91185    2.73    2.73
 29650.0   0.0  0.94828    2.73    2.73
 29650.0   0.0  0.97529    2.73    2.73
 29650.0   0.0  0.99261    2.73    2.73
 29650.0   0.0  1.00000    2.73    2.73
  2655.0   0.0 -2.00000  249.90  249.90
  2655.0   0.0  2.00000   61.37   61.37
  2655.0   0.0 -1.00000  248.34  248.34
  2655.0   0.0 -0.99261  248.35  248.35
  2655.0   0.0 -0.97529  248.38  248.38
  2655.0   0.0 -0.94828  248.43  248.43
  2655.0   0.0 -0.91185  248.51  248.51
  2655.0   0.0 -0.86635  248.61  248.61
  2655.0   0.0 -0.81224  248.74  248.74
  2655.0   0.0 -0.75006  248.92  248.92
  2655.0   0.0 -0.68043  249.15  249.15
  2655.0   0.0 -0.60403  249.46  249.46
  2655.0   0.0 -0.52163  249.88  249.88
  2655.0   0.0 -0.43405  250.47  250.47
  2655.0   0.0 -0.34215  251.35  251.35
  2655.0   0.0 -0.24685  252.76  252.76
  2655.0   0.0 -0.14910  255.30  255.30
  2655.0   0.0 -0.04986  259.91  259.91
  2655.0   0.0  0.04986  241.15  241.15
  2655.0   0.0  0.14910  159.98  159.98
  2655.0   0.0  0.24685  115.38  115.38
  2655.0   0.0  0.34215   90.52   90.52
  2655.0   0.0  0.43405   75.03   75.03
  2655.0   0.0  0.52163   64.60   64.60
  2655.0   0.0  0.60403   57.21   57.21
  2655.0   0.0  0.68043   51.79   51.79
  2655.0   0.0  0.75006   47.71   47.71
  2655.0   0.0  0.81224   44.60   44.60
  2655.0   0.0  0.86635   42.23   42.23
  2655.0   0.0  0.91185   40.43   40.43
  2655.0   0.0  0.94828   39.11   39.11
  2655.0   0.0  0.97529   38.19   38.19
  2655.0   0.0  0.99261   37.62   37.62
  2655.0   0.0  1.00000   37.39   37.39
