C  NUMMU= 16  NUMAZI=  1  AZIORDER=  0  NSTOKES=2
C  LAYER_FILE=
   DELTA-M=N
C  SRC_CODE=2   QUAD_TYPE=LOBATTO         
C  LON=   6.000 LAT=  50.000 LFRAC=   1.000
C  GROUND_TEMP=  261.04   GROUND_TYPE=SPECULAR         W10=   0.000
C  GROUND_ALBEDO= 0.03825   SKY_TEMP=    2.73
C  WAVELENGTH=0.124914E+05
C  UNITS=KELVINS - EBB               OUTPUT_POLARIZATION=VH
C  IWV= 3.477031E+00
C  CWP= 1.000000E-01
C  IWP= 0.000000E+00
C  RWP= 0.000000E+00
C  SWP= 0.000000E+00
C  GWP= 0.000000E+00
C  HWP= 0.000000E+00
C    Z      PHI     MU    FLUX/RADIANCE (V,H,U,V)
 16650.0   0.0 -2.00000  251.88  251.88
 16650.0   0.0  2.00000    2.73    2.73
 16650.0   0.0 -1.00000  251.49  251.49
 16650.0   0.0 -0.99261  251.49  251.49
 16650.0   0.0 -0.97529  251.50  251.50
 16650.0   0.0 -0.94828  251.51  251.51
 16650.0   0.0 -0.91185  251.52  251.52
 16650.0   0.0 -0.86635  251.54  251.54
 16650.0   0.0 -0.81224  251.56  251.56
 16650.0   0.0 -0.75006  251.59  251.59
 16650.0   0.0 -0.68043  251.62  251.62
 16650.0   0.0 -0.60403  251.67  251.67
 16650.0   0.0 -0.52163  251.74  251.74
 16650.0   0.0 -0.43405  251.82  251.82
 16650.0   0.0 -0.34215  251.95  251.95
 16650.0   0.0 -0.24685  252.12  252.12
 16650.0   0.0 -0.14910  252.31  252.31
 16650.0   0.0 -0.04986  250.73  250.73
 16650.0   0.0  0.04986    2.73    2.73
 16650.0   0.0  0.14910    2.73    2.73
 16650.0   0.0  0.24685    2.73    2.73
 16650.0   0.0  0.34215    2.73    2.73
 16650.0   0.0  0.43405    2.73    2.73
 16650.0   0.0  0.52163    2.73    2.73
 16650.0   0.0  0.60403    2.73    2.73
 16650.0   0.0  0.68043    2.73    2.73
 16650.0   0.0  0.75006    2.73    2.73
 16650.0   0.0  0.81224    2.73    2.73
 16650.0   0.0  0.86635    2.73    2.73
 16650.0   0.0  0.91185    2.73    2.73
 16650.0   0.0  0.94828    2.73    2.73
 16650.0   0.0  0.97529    2.73    2.73
 16650.0   0.0  0.99261    2.73    2.73
 16650.0   0.0  1.00000    2.73    2.73
  2655.0   0.0 -2.00000  252.21  252.21
  2655.0   0.0  2.00000   24.85   24.85
  2655.0   0.0 -1.00000  251.61  251.61
  2655.0   0.0 -0.99261  251.61  251.61
  2655.0   0.0 -0.97529  251.62  251.62
  2655.0   0.0 -0.94828  251.64  251.64
  2655.0   0.0 -0.91185  251.65  251.65
  2655.0   0.0 -0.86635  251.68  251.68
  2655.0   0.0 -0.81224  251.71  251.71
  2655.0   0.0 -0.75006  251.76  251.76
  2655.0   0.0 -0.68043  251.82  251.82
  2655.0   0.0 -0.60403  251.90  251.90
  2655.0   0.0 -0.52163  252.01  252.01
  2655.0   0.0 -0.43405  252.17  252.17
  2655.0   0.0 -0.34215  252.42  252.42
  2655.0   0.0 -0.24685  252.86  252.86
  2655.0   0.0 -0.14910  253.81  253.81
  2655.0   0.0 -0.04986  257.11  257.11
  2655.0   0.0  0.04986  158.42  158.42
  2655.0   0.0  0.14910   72.09   72.09
  2655.0   0.0  0.24685   47.28   47.28
  2655.0   0.0  0.34215   35.74   35.74
  2655.0   0.0  0.43405   29.14   29.14
  2655.0   0.0  0.52163   24.91   24.91
  2655.0   0.0  0.60403   22.01   22.01
  2655.0   0.0  0.68043   19.93   19.93
  2655.0   0.0  0.75006   18.38   18.38
  2655.0   0.0  0.81224   17.22   17.22
  2655.0   0.0  0.86635   16.34   16.34
  2655.0   0.0  0.91185   15.68   15.68
  2655.0   0.0  0.94828   15.20   15.20
  2655.0   0.0  0.97529   14.86   14.86
  2655.0   0.0  0.99261   14.66   14.66
  2655.0   0.0  1.00000   14.57   14.57
