C  NUMMU= 16  NUMAZI=  1  AZIORDER=  0  NSTOKES=2
C  LAYER_FILE=
   DELTA-M=N
C  SRC_CODE=2   QUAD_TYPE=LOBATTO         
C  LON=  11.904 LAT=  49.960 LFRAC=   0.000
C  GROUND_TEMP=  284.59   GROUND_TYPE=OCEAN            W10=   3.935
C  GROUND_INDEX=   3.2179  -1.8574   SKY_TEMP=    2.73
C  WAVELENGTH=0.333103E+04
C  UNITS=KELVINS - EBB               OUTPUT_POLARIZATION=VH
C  IWV= 1.645700E+01
C  CWP= 5.084580E-01
C  IWP= 1.455767E-02
C  RWP= 1.576369E-06
C  SWP= 7.174017E-01
C  GWP= 2.445300E-02
C  HWP= 0.000000E+00
C    Z      PHI     MU    FLUX/RADIANCE (V,H,U,V)
 22000.0   0.0 -2.00000  254.11  248.08
 22000.0   0.0  2.00000    2.73    2.73
 22000.0   0.0 -1.00000  243.37  243.37
 22000.0   0.0 -0.99261  243.78  243.42
 22000.0   0.0 -0.97529  244.71  243.54
 22000.0   0.0 -0.94828  246.15  243.77
 22000.0   0.0 -0.91185  248.04  244.13
 22000.0   0.0 -0.86635  250.29  244.68
 22000.0   0.0 -0.81224  252.79  245.49
 22000.0   0.0 -0.75006  255.35  246.61
 22000.0   0.0 -0.68043  257.73  248.10
 22000.0   0.0 -0.60403  259.61  249.93
 22000.0   0.0 -0.52163  260.58  251.97
 22000.0   0.0 -0.43405  260.24  253.80
 22000.0   0.0 -0.34215  258.24  254.59
 22000.0   0.0 -0.24685  254.55  253.07
 22000.0   0.0 -0.14910  247.60  246.93
 22000.0   0.0 -0.04986  226.43  225.36
 22000.0   0.0  0.04986    2.73    2.73
 22000.0   0.0  0.14910    2.73    2.73
 22000.0   0.0  0.24685    2.73    2.73
 22000.0   0.0  0.34215    2.73    2.73
 22000.0   0.0  0.43405    2.73    2.73
 22000.0   0.0  0.52163    2.73    2.73
 22000.0   0.0  0.60403    2.73    2.73
 22000.0   0.0  0.68043    2.73    2.73
 22000.0   0.0  0.75006    2.73    2.73
 22000.0   0.0  0.81224    2.73    2.73
 22000.0   0.0  0.86635    2.73    2.73
 22000.0   0.0  0.91185    2.73    2.73
 22000.0   0.0  0.94828    2.73    2.73
 22000.0   0.0  0.97529    2.73    2.73
 22000.0   0.0  0.99261    2.73    2.73
 22000.0   0.0  1.00000    2.73    2.73
   610.8   0.0 -2.00000  253.76  233.73
   610.8   0.0  2.00000  180.47  180.42
   610.8   0.0 -1.00000  225.81  225.82
   610.8   0.0 -0.99261  226.48  225.75
   610.8   0.0 -0.97529  228.03  225.62
   610.8   0.0 -0.94828  230.48  225.46
   610.8   0.0 -0.91185  233.81  225.33
   610.8   0.0 -0.86635  238.01  225.33
   610.8   0.0 -0.81224  243.03  225.62
   610.8   0.0 -0.75006  248.79  226.39
   610.8   0.0 -0.68043  255.10  227.94
   610.8   0.0 -0.60403  261.67  230.63
   610.8   0.0 -0.52163  267.96  234.91
   610.8   0.0 -0.43405  273.20  241.23
   610.8   0.0 -0.34215  276.36  249.76
   610.8   0.0 -0.24685  280.06  261.33
   610.8   0.0 -0.14910  281.23  271.96
   610.8   0.0 -0.04986  281.05  279.10
   610.8   0.0  0.04986  278.67  278.64
   610.8   0.0  0.14910  269.64  269.52
   610.8   0.0  0.24685  254.20  254.08
   610.8   0.0  0.34215  234.56  234.45
   610.8   0.0  0.43405  215.54  215.45
   610.8   0.0  0.52163  198.86  198.79
   610.8   0.0  0.60403  184.80  184.75
   610.8   0.0  0.68043  173.15  173.11
   610.8   0.0  0.75006  163.59  163.56
   610.8   0.0  0.81224  155.83  155.81
   610.8   0.0  0.86635  149.61  149.59
   610.8   0.0  0.91185  144.72  144.72
   610.8   0.0  0.94828  141.03  141.02
   610.8   0.0  0.97529  138.40  138.40
   610.8   0.0  0.99261  136.77  136.77
   610.8   0.0  1.00000  136.08  136.08
