C  NUMMU= 16  NUMAZI=  1  AZIORDER=  0  NSTOKES=2
C  LAYER_FILE=
   DELTA-M=N
C  SRC_CODE=2   QUAD_TYPE=LOBATTO         
C  LON=  11.904 LAT=  49.960 LFRAC=   0.000
C  GROUND_TEMP=  284.59   GROUND_TYPE=OCEAN            W10=   3.935
C  GROUND_INDEX=   2.7349  -1.3972   SKY_TEMP=    2.73
C  WAVELENGTH=0.199862E+04
C  UNITS=KELVINS - EBB               OUTPUT_POLARIZATION=VH
C  IWV= 1.645700E+01
C  CWP= 5.084580E-01
C  IWP= 1.455767E-02
C  RWP= 1.576369E-06
C  SWP= 7.174017E-01
C  GWP= 2.445300E-02
C  HWP= 0.000000E+00
C    Z      PHI     MU    FLUX/RADIANCE (V,H,U,V)
 22000.0   0.0 -2.00000  245.54  244.41
 22000.0   0.0  2.00000    2.73    2.73
 22000.0   0.0 -1.00000  253.56  253.56
 22000.0   0.0 -0.99261  253.57  253.48
 22000.0   0.0 -0.97529  253.60  253.30
 22000.0   0.0 -0.94828  253.59  253.00
 22000.0   0.0 -0.91185  253.50  252.57
 22000.0   0.0 -0.86635  253.23  251.98
 22000.0   0.0 -0.81224  252.69  251.18
 22000.0   0.0 -0.75006  251.74  250.09
 22000.0   0.0 -0.68043  250.22  248.58
 22000.0   0.0 -0.60403  247.93  246.45
 22000.0   0.0 -0.52163  244.63  243.40
 22000.0   0.0 -0.43405  239.92  238.94
 22000.0   0.0 -0.34215  233.09  232.26
 22000.0   0.0 -0.24685  222.45  221.66
 22000.0   0.0 -0.14910  203.09  202.40
 22000.0   0.0 -0.04986  160.78  161.20
 22000.0   0.0  0.04986    2.73    2.73
 22000.0   0.0  0.14910    2.73    2.73
 22000.0   0.0  0.24685    2.73    2.73
 22000.0   0.0  0.34215    2.73    2.73
 22000.0   0.0  0.43405    2.73    2.73
 22000.0   0.0  0.52163    2.73    2.73
 22000.0   0.0  0.60403    2.73    2.73
 22000.0   0.0  0.68043    2.73    2.73
 22000.0   0.0  0.75006    2.73    2.73
 22000.0   0.0  0.81224    2.73    2.73
 22000.0   0.0  0.86635    2.73    2.73
 22000.0   0.0  0.91185    2.73    2.73
 22000.0   0.0  0.94828    2.73    2.73
 22000.0   0.0  0.97529    2.73    2.73
 22000.0   0.0  0.99261    2.73    2.73
 22000.0   0.0  1.00000    2.73    2.73
   610.8   0.0 -2.00000  273.67  265.90
   610.8   0.0  2.00000  237.45  237.42
   610.8   0.0 -1.00000  259.60  259.60
   610.8   0.0 -0.99261  260.01  259.64
   610.8   0.0 -0.97529  260.96  259.73
   610.8   0.0 -0.94828  262.43  259.90
   610.8   0.0 -0.91185  264.38  260.19
   610.8   0.0 -0.86635  266.75  260.67
   610.8   0.0 -0.81224  269.44  261.41
   610.8   0.0 -0.75006  272.34  262.49
   610.8   0.0 -0.68043  275.26  264.04
   610.8   0.0 -0.60403  277.99  266.12
   610.8   0.0 -0.52163  280.28  268.74
   610.8   0.0 -0.43405  281.92  271.77
   610.8   0.0 -0.34215  282.75  274.76
   610.8   0.0 -0.24685  283.25  277.31
   610.8   0.0 -0.14910  283.07  279.57
   610.8   0.0 -0.04986  283.40  282.89
   610.8   0.0  0.04986  282.70  282.69
   610.8   0.0  0.14910  278.31  278.28
   610.8   0.0  0.24685  274.32  274.26
   610.8   0.0  0.34215  268.95  268.88
   610.8   0.0  0.43405  261.76  261.69
   610.8   0.0  0.52163  253.51  253.46
   610.8   0.0  0.60403  245.05  245.01
   610.8   0.0  0.68043  236.95  236.93
   610.8   0.0  0.75006  229.57  229.55
   610.8   0.0  0.81224  223.07  223.07
   610.8   0.0  0.86635  217.54  217.54
   610.8   0.0  0.91185  213.00  213.00
   610.8   0.0  0.94828  209.44  209.44
   610.8   0.0  0.97529  206.85  206.85
   610.8   0.0  0.99261  205.21  205.21
   610.8   0.0  1.00000  204.52  204.52
