C  NUMMU= 16  NUMAZI=  1  AZIORDER=  0  NSTOKES=2
C  LAYER_FILE=
   DELTA-M=N
C  SRC_CODE=2   QUAD_TYPE=LOBATTO         
C  LON=   0.000 LAT=   0.000 LFRAC=  -1.000
C  GROUND_TEMP=  261.04   GROUND_TYPE=SPECULAR         W10=   0.000
C  GROUND_ALBEDO= 0.03825   SKY_TEMP=    2.73
C  WAVELENGTH=0.124914E+05
C  UNITS=KELVINS - EBB               OUTPUT_POLARIZATION=VH
C  IWV= 3.477031E+00
C  CWP= 2.000000E-01
C  IWP= 0.000000E+00
C  RWP= 0.000000E+00
C  SWP= 0.000000E+00
C  GWP= 0.000000E+00
C  HWP= 0.000000E+00
C    Z      PHI     MU    FLUX/RADIANCE (V,H,U,V)
 16650.0   0.0 -2.00000  252.05  252.05
 16650.0   0.0  2.00000    2.73    2.73
 16650.0   0.0 -1.00000  251.63  251.63
 16650.0   0.0 -0.99261  251.64  251.64
 16650.0   0.0 -0.97529  251.64  251.64
 16650.0   0.0 -0.94828  251.66  251.66
 16650.0   0.0 -0.91185  251.67  251.67
 16650.0   0.0 -0.86635  251.69  251.69
 16650.0   0.0 -0.81224  251.72  251.72
 16650.0   0.0 -0.75006  251.76  251.76
 16650.0   0.0 -0.68043  251.81  251.81
 16650.0   0.0 -0.60403  251.87  251.87
 16650.0   0.0 -0.52163  251.95  251.95
 16650.0   0.0 -0.43405  252.06  252.06
 16650.0   0.0 -0.34215  252.20  252.20
 16650.0   0.0 -0.24685  252.36  252.36
 16650.0   0.0 -0.14910  252.39  252.39
 16650.0   0.0 -0.04986  249.50  249.50
 16650.0   0.0  0.04986    2.73    2.73
 16650.0   0.0  0.14910    2.73    2.73
 16650.0   0.0  0.24685    2.73    2.73
 16650.0   0.0  0.34215    2.73    2.73
 16650.0   0.0  0.43405    2.73    2.73
 16650.0   0.0  0.52163    2.73    2.73
 16650.0   0.0  0.60403    2.73    2.73
 16650.0   0.0  0.68043    2.73    2.73
 16650.0   0.0  0.75006    2.73    2.73
 16650.0   0.0  0.81224    2.73    2.73
 16650.0   0.0  0.86635    2.73    2.73
 16650.0   0.0  0.91185    2.73    2.73
 16650.0   0.0  0.94828    2.73    2.73
 16650.0   0.0  0.97529    2.73    2.73
 16650.0   0.0  0.99261    2.73    2.73
 16650.0   0.0  1.00000    2.73    2.73
  2655.0   0.0 -2.00000  252.55  252.55
  2655.0   0.0  2.00000   33.57   33.57
  2655.0   0.0 -1.00000  251.81  251.81
  2655.0   0.0 -0.99261  251.81  251.81
  2655.0   0.0 -0.97529  251.82  251.82
  2655.0   0.0 -0.94828  251.84  251.84
  2655.0   0.0 -0.91185  251.87  251.87
  2655.0   0.0 -0.86635  251.90  251.90
  2655.0   0.0 -0.81224  251.95  251.95
  2655.0   0.0 -0.75006  252.01  252.01
  2655.0   0.0 -0.68043  252.09  252.09
  2655.0   0.0 -0.60403  252.21  252.21
  2655.0   0.0 -0.52163  252.36  252.36
  2655.0   0.0 -0.43405  252.58  252.58
  2655.0   0.0 -0.34215  252.93  252.93
  2655.0   0.0 -0.24685  253.52  253.52
  2655.0   0.0 -0.14910  254.74  254.74
  2655.0   0.0 -0.04986  258.39  258.39
  2655.0   0.0  0.04986  191.75  191.75
  2655.0   0.0  0.14910   96.41   96.41
  2655.0   0.0  0.24685   64.45   64.45
  2655.0   0.0  0.34215   48.98   48.98
  2655.0   0.0  0.43405   39.97   39.97
  2655.0   0.0  0.52163   34.13   34.13
  2655.0   0.0  0.60403   30.09   30.09
  2655.0   0.0  0.68043   27.18   27.18
  2655.0   0.0  0.75006   25.02   25.02
  2655.0   0.0  0.81224   23.39   23.39
  2655.0   0.0  0.86635   22.15   22.15
  2655.0   0.0  0.91185   21.22   21.22
  2655.0   0.0  0.94828   20.54   20.54
  2655.0   0.0  0.97529   20.06   20.06
  2655.0   0.0  0.99261   19.77   19.77
  2655.0   0.0  1.00000   19.65   19.65
