C  NUMMU= 16  NUMAZI=  1  AZIORDER=  0  NSTOKES=2
C  LAYER_FILE=
   DELTA-M=N
C  SRC_CODE=2   QUAD_TYPE=LOBATTO         
C  LON=  11.904 LAT=  49.960 LFRAC=   0.000
C  GROUND_TEMP=  284.59   GROUND_TYPE=OCEAN            W10=   3.935
C  GROUND_INDEX=   2.7349  -1.3972   SKY_TEMP=    2.73
C  WAVELENGTH=0.199862E+04
C  UNITS=KELVINS - EBB               OUTPUT_POLARIZATION=VH
C  IWV= 1.645700E+01
C  CWP= 5.084580E-01
C  IWP= 1.455767E-02
C  RWP= 1.576369E-06
C  SWP= 7.174017E-01
C  GWP= 2.445300E-02
C  HWP= 0.000000E+00
C    Z      PHI     MU    FLUX/RADIANCE (V,H,U,V)
 22000.0   0.0 -2.00000  252.77  251.64
 22000.0   0.0  2.00000    2.73    2.73
 22000.0   0.0 -1.00000  257.31  257.31
 22000.0   0.0 -0.99261  257.37  257.27
 22000.0   0.0 -0.97529  257.49  257.17
 22000.0   0.0 -0.94828  257.63  257.01
 22000.0   0.0 -0.91185  257.76  256.79
 22000.0   0.0 -0.86635  257.78  256.47
 22000.0   0.0 -0.81224  257.62  256.04
 22000.0   0.0 -0.75006  257.15  255.44
 22000.0   0.0 -0.68043  256.25  254.57
 22000.0   0.0 -0.60403  254.76  253.29
 22000.0   0.0 -0.52163  252.53  251.37
 22000.0   0.0 -0.43405  249.31  248.46
 22000.0   0.0 -0.34215  244.66  244.02
 22000.0   0.0 -0.24685  237.43  236.83
 22000.0   0.0 -0.14910  223.67  223.03
 22000.0   0.0 -0.04986  184.90  184.50
 22000.0   0.0  0.04986    2.73    2.73
 22000.0   0.0  0.14910    2.73    2.73
 22000.0   0.0  0.24685    2.73    2.73
 22000.0   0.0  0.34215    2.73    2.73
 22000.0   0.0  0.43405    2.73    2.73
 22000.0   0.0  0.52163    2.73    2.73
 22000.0   0.0  0.60403    2.73    2.73
 22000.0   0.0  0.68043    2.73    2.73
 22000.0   0.0  0.75006    2.73    2.73
 22000.0   0.0  0.81224    2.73    2.73
 22000.0   0.0  0.86635    2.73    2.73
 22000.0   0.0  0.91185    2.73    2.73
 22000.0   0.0  0.94828    2.73    2.73
 22000.0   0.0  0.97529    2.73    2.73
 22000.0   0.0  0.99261    2.73    2.73
 22000.0   0.0  1.00000    2.73    2.73
   610.8   0.0 -2.00000  273.43  265.51
   610.8   0.0  2.00000  236.44  236.44
   610.8   0.0 -1.00000  259.16  259.16
   610.8   0.0 -0.99261  259.57  259.19
   610.8   0.0 -0.97529  260.53  259.27
   610.8   0.0 -0.94828  262.02  259.44
   610.8   0.0 -0.91185  263.99  259.72
   610.8   0.0 -0.86635  266.38  260.18
   610.8   0.0 -0.81224  269.11  260.90
   610.8   0.0 -0.75006  272.05  261.99
   610.8   0.0 -0.68043  275.02  263.54
   610.8   0.0 -0.60403  277.81  265.65
   610.8   0.0 -0.52163  280.17  268.35
   610.8   0.0 -0.43405  281.86  271.49
   610.8   0.0 -0.34215  282.73  274.65
   610.8   0.0 -0.24685  283.25  277.34
   610.8   0.0 -0.14910  283.08  279.61
   610.8   0.0 -0.04986  283.40  282.89
   610.8   0.0  0.04986  282.70  282.70
   610.8   0.0  0.14910  278.35  278.34
   610.8   0.0  0.24685  274.33  274.30
   610.8   0.0  0.34215  268.73  268.71
   610.8   0.0  0.43405  261.23  261.21
   610.8   0.0  0.52163  252.70  252.69
   610.8   0.0  0.60403  244.02  244.01
   610.8   0.0  0.68043  235.77  235.77
   610.8   0.0  0.75006  228.29  228.29
   610.8   0.0  0.81224  221.73  221.74
   610.8   0.0  0.86635  216.16  216.17
   610.8   0.0  0.91185  211.60  211.60
   610.8   0.0  0.94828  208.03  208.03
   610.8   0.0  0.97529  205.43  205.43
   610.8   0.0  0.99261  203.79  203.79
   610.8   0.0  1.00000  203.10  203.10
