C  NUMMU= 16  NUMAZI=  1  AZIORDER=  0  NSTOKES=2
C  LAYER_FILE=
   DELTA-M=N
C  SRC_CODE=2   QUAD_TYPE=LOBATTO         
C  LON=  11.904 LAT=  49.960 LFRAC=   0.000
C  GROUND_TEMP=  284.59   GROUND_TYPE=OCEAN            W10=   3.935
C  GROUND_INDEX=   5.6523  -2.9453   SKY_TEMP=    2.73
C  WAVELENGTH=0.124914E+05
C  UNITS=KELVINS - EBB               OUTPUT_POLARIZATION=VH
C  IWV= 1.645700E+01
C  CWP= 5.084580E-01
C  IWP= 1.455767E-02
C  RWP= 1.576369E-06
C  SWP= 7.174017E-01
C  GWP= 2.445300E-02
C  HWP= 0.000000E+00
C    Z      PHI     MU    FLUX/RADIANCE (V,H,U,V)
 22000.0   0.0 -2.00000  207.46  175.90
 22000.0   0.0  2.00000    2.73    2.73
 22000.0   0.0 -1.00000  167.43  167.43
 22000.0   0.0 -0.99261  168.20  167.31
 22000.0   0.0 -0.97529  170.03  167.06
 22000.0   0.0 -0.94828  172.94  166.71
 22000.0   0.0 -0.91185  176.99  166.35
 22000.0   0.0 -0.86635  182.26  166.08
 22000.0   0.0 -0.81224  188.81  166.07
 22000.0   0.0 -0.75006  196.71  166.55
 22000.0   0.0 -0.68043  205.98  167.85
 22000.0   0.0 -0.60403  216.50  170.42
 22000.0   0.0 -0.52163  227.83  174.86
 22000.0   0.0 -0.43405  238.85  181.97
 22000.0   0.0 -0.34215  246.95  192.58
 22000.0   0.0 -0.24685  258.70  212.84
 22000.0   0.0 -0.14910  261.50  239.94
 22000.0   0.0 -0.04986  247.12  245.05
 22000.0   0.0  0.04986    2.73    2.73
 22000.0   0.0  0.14910    2.73    2.73
 22000.0   0.0  0.24685    2.73    2.73
 22000.0   0.0  0.34215    2.73    2.73
 22000.0   0.0  0.43405    2.73    2.73
 22000.0   0.0  0.52163    2.73    2.73
 22000.0   0.0  0.60403    2.73    2.73
 22000.0   0.0  0.68043    2.73    2.73
 22000.0   0.0  0.75006    2.73    2.73
 22000.0   0.0  0.81224    2.73    2.73
 22000.0   0.0  0.86635    2.73    2.73
 22000.0   0.0  0.91185    2.73    2.73
 22000.0   0.0  0.94828    2.73    2.73
 22000.0   0.0  0.97529    2.73    2.73
 22000.0   0.0  0.99261    2.73    2.73
 22000.0   0.0  1.00000    2.73    2.73
   610.8   0.0 -2.00000  192.83  145.79
   610.8   0.0  2.00000   75.93   75.86
   610.8   0.0 -1.00000  148.32  148.32
   610.8   0.0 -0.99261  149.09  148.03
   610.8   0.0 -0.97529  150.92  147.35
   610.8   0.0 -0.94828  153.86  146.31
   610.8   0.0 -0.91185  157.98  144.98
   610.8   0.0 -0.86635  163.39  143.41
   610.8   0.0 -0.81224  170.22  141.72
   610.8   0.0 -0.75006  178.60  140.09
   610.8   0.0 -0.68043  188.66  138.74
   610.8   0.0 -0.60403  200.44  138.01
   610.8   0.0 -0.52163  213.64  138.35
   610.8   0.0 -0.43405  227.13  140.34
   610.8   0.0 -0.34215  237.28  144.41
   610.8   0.0 -0.24685  257.78  161.60
   610.8   0.0 -0.14910  271.76  199.51
   610.8   0.0 -0.04986  277.87  268.27
   610.8   0.0  0.04986  267.64  267.58
   610.8   0.0  0.14910  190.98  190.78
   610.8   0.0  0.24685  141.42  141.23
   610.8   0.0  0.34215  112.21  112.06
   610.8   0.0  0.43405   93.53   93.40
   610.8   0.0  0.52163   80.75   80.66
   610.8   0.0  0.60403   71.60   71.53
   610.8   0.0  0.68043   64.84   64.78
   610.8   0.0  0.75006   59.72   59.68
   610.8   0.0  0.81224   55.81   55.78
   610.8   0.0  0.86635   52.82   52.80
   610.8   0.0  0.91185   50.55   50.54
   610.8   0.0  0.94828   48.88   48.87
   610.8   0.0  0.97529   47.71   47.70
   610.8   0.0  0.99261   46.99   46.99
   610.8   0.0  1.00000   46.69   46.69
