C  NUMMU= 16  NUMAZI=  1  AZIORDER=  0  NSTOKES=2
C  LAYER_FILE=
   DELTA-M=N
C  SRC_CODE=2   QUAD_TYPE=LOBATTO         
C  LON=   6.000 LAT=  50.000 LFRAC=   1.000
C  GROUND_TEMP=  261.04   GROUND_TYPE=SPECULAR         W10=   0.000
C  GROUND_ALBEDO= 0.05680   SKY_TEMP=    2.73
C  WAVELENGTH=0.199862E+04
C  UNITS=KELVINS - EBB               OUTPUT_POLARIZATION=VH
C  IWV= 3.477031E+00
C  CWP= 1.000000E-01
C  IWP= 0.000000E+00
C  RWP= 0.000000E+00
C  SWP= 0.000000E+00
C  GWP= 0.000000E+00
C  HWP= 0.000000E+00
C    Z      PHI     MU    FLUX/RADIANCE (V,H,U,V)
 29650.0   0.0 -2.00000  250.68  250.68
 29650.0   0.0  2.00000    2.73    2.73
 29650.0   0.0 -1.00000  249.76  249.76
 29650.0   0.0 -0.99261  249.78  249.78
 29650.0   0.0 -0.97529  249.82  249.82
 29650.0   0.0 -0.94828  249.88  249.88
 29650.0   0.0 -0.91185  249.96  249.96
 29650.0   0.0 -0.86635  250.08  250.08
 29650.0   0.0 -0.81224  250.22  250.22
 29650.0   0.0 -0.75006  250.39  250.39
 29650.0   0.0 -0.68043  250.60  250.60
 29650.0   0.0 -0.60403  250.84  250.84
 29650.0   0.0 -0.52163  251.11  251.11
 29650.0   0.0 -0.43405  251.37  251.37
 29650.0   0.0 -0.34215  251.52  251.52
 29650.0   0.0 -0.24685  251.29  251.29
 29650.0   0.0 -0.14910  249.71  249.71
 29650.0   0.0 -0.04986  243.73  243.73
 29650.0   0.0  0.04986    2.73    2.73
 29650.0   0.0  0.14910    2.73    2.73
 29650.0   0.0  0.24685    2.73    2.73
 29650.0   0.0  0.34215    2.73    2.73
 29650.0   0.0  0.43405    2.73    2.73
 29650.0   0.0  0.52163    2.73    2.73
 29650.0   0.0  0.60403    2.73    2.73
 29650.0   0.0  0.68043    2.73    2.73
 29650.0   0.0  0.75006    2.73    2.73
 29650.0   0.0  0.81224    2.73    2.73
 29650.0   0.0  0.86635    2.73    2.73
 29650.0   0.0  0.91185    2.73    2.73
 29650.0   0.0  0.94828    2.73    2.73
 29650.0   0.0  0.97529    2.73    2.73
 29650.0   0.0  0.99261    2.73    2.73
 29650.0   0.0  1.00000    2.73    2.73
  2655.0   0.0 -2.00000  251.70  251.70
  2655.0   0.0  2.00000   93.13   93.12
  2655.0   0.0 -1.00000  249.63  249.63
  2655.0   0.0 -0.99261  249.65  249.65
  2655.0   0.0 -0.97529  249.70  249.70
  2655.0   0.0 -0.94828  249.79  249.79
  2655.0   0.0 -0.91185  249.90  249.90
  2655.0   0.0 -0.86635  250.06  250.06
  2655.0   0.0 -0.81224  250.26  250.26
  2655.0   0.0 -0.75006  250.53  250.53
  2655.0   0.0 -0.68043  250.87  250.87
  2655.0   0.0 -0.60403  251.32  251.32
  2655.0   0.0 -0.52163  251.92  251.92
  2655.0   0.0 -0.43405  252.74  252.74
  2655.0   0.0 -0.34215  253.89  253.89
  2655.0   0.0 -0.24685  255.58  255.58
  2655.0   0.0 -0.14910  258.08  258.08
  2655.0   0.0 -0.04986  260.68  260.68
  2655.0   0.0  0.04986  254.73  254.73
  2655.0   0.0  0.14910  208.97  208.97
  2655.0   0.0  0.24685  164.95  164.95
  2655.0   0.0  0.34215  135.25  135.25
  2655.0   0.0  0.43405  114.98  114.98
  2655.0   0.0  0.52163  100.58  100.58
  2655.0   0.0  0.60403   90.02   90.02
  2655.0   0.0  0.68043   82.07   82.07
  2655.0   0.0  0.75006   75.99   75.99
  2655.0   0.0  0.81224   71.31   71.31
  2655.0   0.0  0.86635   67.69   67.69
  2655.0   0.0  0.91185   64.94   64.94
  2655.0   0.0  0.94828   62.90   62.90
  2655.0   0.0  0.97529   61.47   61.47
  2655.0   0.0  0.99261   60.59   60.59
  2655.0   0.0  1.00000   60.23   60.23
