C  NUMMU= 16  NUMAZI=  1  AZIORDER=  0  NSTOKES=2
C  LAYER_FILE=
   DELTA-M=N
C  SRC_CODE=2   QUAD_TYPE=LOBATTO         
C  LON=   6.000 LAT=  50.000 LFRAC=   0.000
C  GROUND_TEMP=  261.04   GROUND_TYPE=OCEAN            W10=   0.000
C  GROUND_INDEX=   4.1372  -2.5754   SKY_TEMP=    2.73
C  WAVELENGTH=0.124914E+05
C  UNITS=KELVINS - EBB               OUTPUT_POLARIZATION=VH
C  IWV= 3.477031E+00
C  CWP= 3.000000E-01
C  IWP= 0.000000E+00
C  RWP= 0.000000E+00
C  SWP= 0.000000E+00
C  GWP= 0.000000E+00
C  HWP= 0.000000E+00
C    Z      PHI     MU    FLUX/RADIANCE (V,H,U,V)
 16650.0   0.0 -2.00000  191.05  144.75
 16650.0   0.0  2.00000    2.73    2.73
 16650.0   0.0 -1.00000  152.65  152.65
 16650.0   0.0 -0.99261  153.39  152.30
 16650.0   0.0 -0.97529  155.17  151.49
 16650.0   0.0 -0.94828  158.00  150.24
 16650.0   0.0 -0.91185  161.93  148.57
 16650.0   0.0 -0.86635  167.04  146.54
 16650.0   0.0 -0.81224  173.39  144.22
 16650.0   0.0 -0.75006  181.04  141.73
 16650.0   0.0 -0.68043  190.01  139.24
 16650.0   0.0 -0.60403  200.15  137.01
 16650.0   0.0 -0.52163  210.92  135.40
 16650.0   0.0 -0.43405  220.86  134.87
 16650.0   0.0 -0.34215  226.12  135.85
 16650.0   0.0 -0.24685  237.87  150.68
 16650.0   0.0 -0.14910  242.11  184.51
 16650.0   0.0 -0.04986  244.91  241.36
 16650.0   0.0  0.04986    2.73    2.73
 16650.0   0.0  0.14910    2.73    2.73
 16650.0   0.0  0.24685    2.73    2.73
 16650.0   0.0  0.34215    2.73    2.73
 16650.0   0.0  0.43405    2.73    2.73
 16650.0   0.0  0.52163    2.73    2.73
 16650.0   0.0  0.60403    2.73    2.73
 16650.0   0.0  0.68043    2.73    2.73
 16650.0   0.0  0.75006    2.73    2.73
 16650.0   0.0  0.81224    2.73    2.73
 16650.0   0.0  0.86635    2.73    2.73
 16650.0   0.0  0.91185    2.73    2.73
 16650.0   0.0  0.94828    2.73    2.73
 16650.0   0.0  0.97529    2.73    2.73
 16650.0   0.0  0.99261    2.73    2.73
 16650.0   0.0  1.00000    2.73    2.73
  2655.0   0.0 -2.00000  182.78  125.27
  2655.0   0.0  2.00000   41.78   41.78
  2655.0   0.0 -1.00000  143.25  143.25
  2655.0   0.0 -0.99261  144.00  142.80
  2655.0   0.0 -0.97529  145.78  141.73
  2655.0   0.0 -0.94828  148.62  140.06
  2655.0   0.0 -0.91185  152.58  137.79
  2655.0   0.0 -0.86635  157.74  134.93
  2655.0   0.0 -0.81224  164.21  131.52
  2655.0   0.0 -0.75006  172.06  127.58
  2655.0   0.0 -0.68043  181.36  123.18
  2655.0   0.0 -0.60403  192.00  118.39
  2655.0   0.0 -0.52163  203.47  113.27
  2655.0   0.0 -0.43405  214.12  107.67
  2655.0   0.0 -0.34215  218.98  100.63
  2655.0   0.0 -0.24685  232.84  105.94
  2655.0   0.0 -0.14910  236.62  129.40
  2655.0   0.0 -0.04986  237.15  214.33
  2655.0   0.0  0.04986  213.43  213.43
  2655.0   0.0  0.14910  117.46  117.46
  2655.0   0.0  0.24685   80.19   80.19
  2655.0   0.0  0.34215   61.42   61.42
  2655.0   0.0  0.43405   50.27   50.27
  2655.0   0.0  0.52163   42.98   42.98
  2655.0   0.0  0.60403   37.90   37.90
  2655.0   0.0  0.68043   34.21   34.21
  2655.0   0.0  0.75006   31.47   31.47
  2655.0   0.0  0.81224   29.39   29.39
  2655.0   0.0  0.86635   27.82   27.82
  2655.0   0.0  0.91185   26.63   26.63
  2655.0   0.0  0.94828   25.75   25.75
  2655.0   0.0  0.97529   25.15   25.15
  2655.0   0.0  0.99261   24.77   24.77
  2655.0   0.0  1.00000   24.62   24.62
