C  NUMMU= 16  NUMAZI=  1  AZIORDER=  0  NSTOKES=2
C  LAYER_FILE=
   DELTA-M=N
C  SRC_CODE=2   QUAD_TYPE=LOBATTO         
C  LON=   6.000 LAT=  50.000 LFRAC=   0.000
C  GROUND_TEMP=  261.04   GROUND_TYPE=OCEAN            W10=   0.000
C  GROUND_INDEX=   2.5868  -1.3283   SKY_TEMP=    2.73
C  WAVELENGTH=0.333103E+04
C  UNITS=KELVINS - EBB               OUTPUT_POLARIZATION=VH
C  IWV= 3.477031E+00
C  CWP= 3.000000E-01
C  IWP= 0.000000E+00
C  RWP= 0.000000E+00
C  SWP= 0.000000E+00
C  GWP= 0.000000E+00
C  HWP= 0.000000E+00
C    Z      PHI     MU    FLUX/RADIANCE (V,H,U,V)
 16650.0   0.0 -2.00000  238.00  221.14
 16650.0   0.0  2.00000    2.73    2.73
 16650.0   0.0 -1.00000  219.78  219.78
 16650.0   0.0 -0.99261  220.30  219.64
 16650.0   0.0 -0.97529  221.51  219.32
 16650.0   0.0 -0.94828  223.39  218.84
 16650.0   0.0 -0.91185  225.93  218.25
 16650.0   0.0 -0.86635  229.05  217.60
 16650.0   0.0 -0.81224  232.67  217.00
 16650.0   0.0 -0.75006  236.65  216.61
 16650.0   0.0 -0.68043  240.74  216.65
 16650.0   0.0 -0.60403  244.60  217.45
 16650.0   0.0 -0.52163  247.68  219.44
 16650.0   0.0 -0.43405  249.34  223.16
 16650.0   0.0 -0.34215  248.98  229.01
 16650.0   0.0 -0.24685  249.74  238.33
 16650.0   0.0 -0.14910  247.18  245.16
 16650.0   0.0 -0.04986  241.56  241.56
 16650.0   0.0  0.04986    2.73    2.73
 16650.0   0.0  0.14910    2.73    2.73
 16650.0   0.0  0.24685    2.73    2.73
 16650.0   0.0  0.34215    2.73    2.73
 16650.0   0.0  0.43405    2.73    2.73
 16650.0   0.0  0.52163    2.73    2.73
 16650.0   0.0  0.60403    2.73    2.73
 16650.0   0.0  0.68043    2.73    2.73
 16650.0   0.0  0.75006    2.73    2.73
 16650.0   0.0  0.81224    2.73    2.73
 16650.0   0.0  0.86635    2.73    2.73
 16650.0   0.0  0.91185    2.73    2.73
 16650.0   0.0  0.94828    2.73    2.73
 16650.0   0.0  0.97529    2.73    2.73
 16650.0   0.0  0.99261    2.73    2.73
 16650.0   0.0  1.00000    2.73    2.73
  2655.0   0.0 -2.00000  233.12  200.28
  2655.0   0.0  2.00000  113.24  113.24
  2655.0   0.0 -1.00000  207.51  207.51
  2655.0   0.0 -0.99261  208.14  207.20
  2655.0   0.0 -0.97529  209.62  206.49
  2655.0   0.0 -0.94828  211.94  205.37
  2655.0   0.0 -0.91185  215.11  203.86
  2655.0   0.0 -0.86635  219.11  201.99
  2655.0   0.0 -0.81224  223.88  199.81
  2655.0   0.0 -0.75006  229.33  197.43
  2655.0   0.0 -0.68043  235.25  195.02
  2655.0   0.0 -0.60403  241.26  192.91
  2655.0   0.0 -0.52163  246.68  191.58
  2655.0   0.0 -0.43405  250.33  191.87
  2655.0   0.0 -0.34215  250.34  194.99
  2655.0   0.0 -0.24685  256.21  209.38
  2655.0   0.0 -0.14910  254.83  233.92
  2655.0   0.0 -0.04986  257.49  255.27
  2655.0   0.0  0.04986  254.91  254.91
  2655.0   0.0  0.14910  228.46  228.46
  2655.0   0.0  0.24685  191.06  191.06
  2655.0   0.0  0.34215  161.61  161.61
  2655.0   0.0  0.43405  139.92  139.92
  2655.0   0.0  0.52163  123.83  123.83
  2655.0   0.0  0.60403  111.67  111.67
  2655.0   0.0  0.68043  102.35  102.35
  2655.0   0.0  0.75006   95.11   95.11
  2655.0   0.0  0.81224   89.47   89.47
  2655.0   0.0  0.86635   85.09   85.09
  2655.0   0.0  0.91185   81.73   81.73
  2655.0   0.0  0.94828   79.23   79.23
  2655.0   0.0  0.97529   77.47   77.47
  2655.0   0.0  0.99261   76.39   76.39
  2655.0   0.0  1.00000   75.94   75.94
