C  NUMMU= 16  NUMAZI=  1  AZIORDER=  0  NSTOKES=2
C  LAYER_FILE=
   DELTA-M=N
C  SRC_CODE=2   QUAD_TYPE=LOBATTO         
C  LON=   0.000 LAT=   0.000 LFRAC=  -1.000
C  GROUND_TEMP=  261.04   GROUND_TYPE=SPECULAR         W10=   0.000
C  GROUND_ALBEDO= 0.40000   SKY_TEMP=    2.73
C  WAVELENGTH=0.333103E+04
C  UNITS=KELVINS - EBB               OUTPUT_POLARIZATION=VH
C  IWV= 3.477031E+00
C  CWP= 2.000000E-01
C  IWP= 0.000000E+00
C  RWP= 0.000000E+00
C  SWP= 0.000000E+00
C  GWP= 0.000000E+00
C  HWP= 0.000000E+00
C    Z      PHI     MU    FLUX/RADIANCE (V,H,U,V)
 16650.0   0.0 -2.00000  210.08  210.08
 16650.0   0.0  2.00000    2.73    2.73
 16650.0   0.0 -1.00000  194.95  194.95
 16650.0   0.0 -0.99261  195.16  195.16
 16650.0   0.0 -0.97529  195.67  195.67
 16650.0   0.0 -0.94828  196.48  196.48
 16650.0   0.0 -0.91185  197.63  197.63
 16650.0   0.0 -0.86635  199.15  199.15
 16650.0   0.0 -0.81224  201.13  201.13
 16650.0   0.0 -0.75006  203.63  203.63
 16650.0   0.0 -0.68043  206.77  206.77
 16650.0   0.0 -0.60403  210.70  210.70
 16650.0   0.0 -0.52163  215.63  215.63
 16650.0   0.0 -0.43405  221.79  221.79
 16650.0   0.0 -0.34215  229.34  229.34
 16650.0   0.0 -0.24685  238.00  238.00
 16650.0   0.0 -0.14910  245.24  245.24
 16650.0   0.0 -0.04986  242.23  242.23
 16650.0   0.0  0.04986    2.73    2.73
 16650.0   0.0  0.14910    2.73    2.73
 16650.0   0.0  0.24685    2.73    2.73
 16650.0   0.0  0.34215    2.73    2.73
 16650.0   0.0  0.43405    2.73    2.73
 16650.0   0.0  0.52163    2.73    2.73
 16650.0   0.0  0.60403    2.73    2.73
 16650.0   0.0  0.68043    2.73    2.73
 16650.0   0.0  0.75006    2.73    2.73
 16650.0   0.0  0.81224    2.73    2.73
 16650.0   0.0  0.86635    2.73    2.73
 16650.0   0.0  0.91185    2.73    2.73
 16650.0   0.0  0.94828    2.73    2.73
 16650.0   0.0  0.97529    2.73    2.73
 16650.0   0.0  0.99261    2.73    2.73
 16650.0   0.0  1.00000    2.73    2.73
  2655.0   0.0 -2.00000  192.69  192.69
  2655.0   0.0  2.00000   89.84   89.84
  2655.0   0.0 -1.00000  179.66  179.66
  2655.0   0.0 -0.99261  179.80  179.80
  2655.0   0.0 -0.97529  180.14  180.14
  2655.0   0.0 -0.94828  180.70  180.70
  2655.0   0.0 -0.91185  181.49  181.49
  2655.0   0.0 -0.86635  182.56  182.56
  2655.0   0.0 -0.81224  183.97  183.97
  2655.0   0.0 -0.75006  185.79  185.79
  2655.0   0.0 -0.68043  188.16  188.16
  2655.0   0.0 -0.60403  191.27  191.27
  2655.0   0.0 -0.52163  195.40  195.40
  2655.0   0.0 -0.43405  201.05  201.05
  2655.0   0.0 -0.34215  209.05  209.05
  2655.0   0.0 -0.24685  220.86  220.86
  2655.0   0.0 -0.14910  238.63  238.63
  2655.0   0.0 -0.04986  257.81  257.81
  2655.0   0.0  0.04986  252.97  252.97
  2655.0   0.0  0.14910  205.01  205.01
  2655.0   0.0  0.24685  160.58  160.58
  2655.0   0.0  0.34215  131.07  131.07
  2655.0   0.0  0.43405  111.08  111.07
  2655.0   0.0  0.52163   96.95   96.95
  2655.0   0.0  0.60403   86.61   86.61
  2655.0   0.0  0.68043   78.84   78.84
  2655.0   0.0  0.75006   72.91   72.91
  2655.0   0.0  0.81224   68.35   68.35
  2655.0   0.0  0.86635   64.83   64.83
  2655.0   0.0  0.91185   62.15   62.15
  2655.0   0.0  0.94828   60.17   60.17
  2655.0   0.0  0.97529   58.78   58.78
  2655.0   0.0  0.99261   57.93   57.93
  2655.0   0.0  1.00000   57.57   57.57
