C  NUMMU= 16  NUMAZI=  1  AZIORDER=  0  NSTOKES=2
C  LAYER_FILE=
   DELTA-M=N
C  SRC_CODE=2   QUAD_TYPE=LOBATTO         
C  LON=   6.000 LAT=  50.000 LFRAC=   0.000
C  GROUND_TEMP=  261.04   GROUND_TYPE=OCEAN            W10=   0.000
C  GROUND_INDEX=   2.2713  -0.9763   SKY_TEMP=    2.73
C  WAVELENGTH=0.199862E+04
C  UNITS=KELVINS - EBB               OUTPUT_POLARIZATION=VH
C  IWV= 3.477031E+00
C  CWP= 3.000000E-01
C  IWP= 0.000000E+00
C  RWP= 0.000000E+00
C  SWP= 0.000000E+00
C  GWP= 0.000000E+00
C  HWP= 0.000000E+00
C    Z      PHI     MU    FLUX/RADIANCE (V,H,U,V)
 29650.0   0.0 -2.00000  246.87  240.14
 29650.0   0.0  2.00000    2.73    2.73
 29650.0   0.0 -1.00000  238.68  238.68
 29650.0   0.0 -0.99261  238.98  238.62
 29650.0   0.0 -0.97529  239.68  238.49
 29650.0   0.0 -0.94828  240.74  238.30
 29650.0   0.0 -0.91185  242.13  238.09
 29650.0   0.0 -0.86635  243.77  237.89
 29650.0   0.0 -0.81224  245.56  237.79
 29650.0   0.0 -0.75006  247.37  237.89
 29650.0   0.0 -0.68043  249.02  238.30
 29650.0   0.0 -0.60403  250.28  239.19
 29650.0   0.0 -0.52163  250.92  240.68
 29650.0   0.0 -0.43405  250.76  242.78
 29650.0   0.0 -0.34215  249.81  245.14
 29650.0   0.0 -0.24685  248.49  246.87
 29650.0   0.0 -0.14910  246.24  246.12
 29650.0   0.0 -0.04986  242.20  242.20
 29650.0   0.0  0.04986    2.73    2.73
 29650.0   0.0  0.14910    2.73    2.73
 29650.0   0.0  0.24685    2.73    2.73
 29650.0   0.0  0.34215    2.73    2.73
 29650.0   0.0  0.43405    2.73    2.73
 29650.0   0.0  0.52163    2.73    2.73
 29650.0   0.0  0.60403    2.73    2.73
 29650.0   0.0  0.68043    2.73    2.73
 29650.0   0.0  0.75006    2.73    2.73
 29650.0   0.0  0.81224    2.73    2.73
 29650.0   0.0  0.86635    2.73    2.73
 29650.0   0.0  0.91185    2.73    2.73
 29650.0   0.0  0.94828    2.73    2.73
 29650.0   0.0  0.97529    2.73    2.73
 29650.0   0.0  0.99261    2.73    2.73
 29650.0   0.0  1.00000    2.73    2.73
  2655.0   0.0 -2.00000  246.62  227.45
  2655.0   0.0  2.00000  156.90  156.90
  2655.0   0.0 -1.00000  229.72  229.72
  2655.0   0.0 -0.99261  230.18  229.53
  2655.0   0.0 -0.97529  231.27  229.08
  2655.0   0.0 -0.94828  232.96  228.38
  2655.0   0.0 -0.91185  235.24  227.45
  2655.0   0.0 -0.86635  238.05  226.34
  2655.0   0.0 -0.81224  241.32  225.10
  2655.0   0.0 -0.75006  244.92  223.86
  2655.0   0.0 -0.68043  248.65  222.83
  2655.0   0.0 -0.60403  252.20  222.33
  2655.0   0.0 -0.52163  255.13  222.89
  2655.0   0.0 -0.43405  256.93  225.27
  2655.0   0.0 -0.34215  257.21  230.40
  2655.0   0.0 -0.24685  258.71  240.37
  2655.0   0.0 -0.14910  258.52  251.98
  2655.0   0.0 -0.04986  258.40  257.03
  2655.0   0.0  0.04986  256.72  256.72
  2655.0   0.0  0.14910  249.68  249.68
  2655.0   0.0  0.24685  230.95  230.95
  2655.0   0.0  0.34215  209.15  209.15
  2655.0   0.0  0.43405  189.51  189.51
  2655.0   0.0  0.52163  173.07  173.07
  2655.0   0.0  0.60403  159.64  159.64
  2655.0   0.0  0.68043  148.75  148.75
  2655.0   0.0  0.75006  139.97  139.97
  2655.0   0.0  0.81224  132.92  132.92
  2655.0   0.0  0.86635  127.32  127.32
  2655.0   0.0  0.91185  122.96  122.96
  2655.0   0.0  0.94828  119.68  119.68
  2655.0   0.0  0.97529  117.35  117.35
  2655.0   0.0  0.99261  115.90  115.90
  2655.0   0.0  1.00000  115.30  115.30
