C  NUMMU= 16  NUMAZI=  1  AZIORDER=  0  NSTOKES=2
C  LAYER_FILE=
   DELTA-M=N
C  SRC_CODE=2   QUAD_TYPE=LOBATTO         
C  LON=   0.000 LAT=   0.000 LFRAC=  -1.000
C  GROUND_TEMP=  261.04   GROUND_TYPE=SPECULAR         W10=   0.000
C  GROUND_ALBEDO= 0.05680   SKY_TEMP=    2.73
C  WAVELENGTH=0.199862E+04
C  UNITS=KELVINS - EBB               OUTPUT_POLARIZATION=VH
C  IWV= 3.477031E+00
C  CWP= 2.000000E-01
C  IWP= 0.000000E+00
C  RWP= 0.000000E+00
C  SWP= 0.000000E+00
C  GWP= 0.000000E+00
C  HWP= 0.000000E+00
C    Z      PHI     MU    FLUX/RADIANCE (V,H,U,V)
 29650.0   0.0 -2.00000  251.17  251.17
 29650.0   0.0  2.00000    2.73    2.73
 29650.0   0.0 -1.00000  250.82  250.82
 29650.0   0.0 -0.99261  250.83  250.83
 29650.0   0.0 -0.97529  250.87  250.87
 29650.0   0.0 -0.94828  250.92  250.92
 29650.0   0.0 -0.91185  250.99  250.99
 29650.0   0.0 -0.86635  251.08  251.08
 29650.0   0.0 -0.81224  251.18  251.18
 29650.0   0.0 -0.75006  251.30  251.30
 29650.0   0.0 -0.68043  251.41  251.41
 29650.0   0.0 -0.60403  251.50  251.50
 29650.0   0.0 -0.52163  251.53  251.53
 29650.0   0.0 -0.43405  251.41  251.41
 29650.0   0.0 -0.34215  250.98  250.98
 29650.0   0.0 -0.24685  249.90  249.90
 29650.0   0.0 -0.14910  247.54  247.54
 29650.0   0.0 -0.04986  242.63  242.63
 29650.0   0.0  0.04986    2.73    2.73
 29650.0   0.0  0.14910    2.73    2.73
 29650.0   0.0  0.24685    2.73    2.73
 29650.0   0.0  0.34215    2.73    2.73
 29650.0   0.0  0.43405    2.73    2.73
 29650.0   0.0  0.52163    2.73    2.73
 29650.0   0.0  0.60403    2.73    2.73
 29650.0   0.0  0.68043    2.73    2.73
 29650.0   0.0  0.75006    2.73    2.73
 29650.0   0.0  0.81224    2.73    2.73
 29650.0   0.0  0.86635    2.73    2.73
 29650.0   0.0  0.91185    2.73    2.73
 29650.0   0.0  0.94828    2.73    2.73
 29650.0   0.0  0.97529    2.73    2.73
 29650.0   0.0  0.99261    2.73    2.73
 29650.0   0.0  1.00000    2.73    2.73
  2655.0   0.0 -2.00000  253.78  253.78
  2655.0   0.0  2.00000  129.78  129.78
  2655.0   0.0 -1.00000  251.33  251.33
  2655.0   0.0 -0.99261  251.36  251.36
  2655.0   0.0 -0.97529  251.43  251.43
  2655.0   0.0 -0.94828  251.54  251.54
  2655.0   0.0 -0.91185  251.70  251.70
  2655.0   0.0 -0.86635  251.91  251.91
  2655.0   0.0 -0.81224  252.19  252.19
  2655.0   0.0 -0.75006  252.55  252.55
  2655.0   0.0 -0.68043  253.00  253.00
  2655.0   0.0 -0.60403  253.58  253.57
  2655.0   0.0 -0.52163  254.31  254.31
  2655.0   0.0 -0.43405  255.26  255.26
  2655.0   0.0 -0.34215  256.50  256.50
  2655.0   0.0 -0.24685  258.07  258.07
  2655.0   0.0 -0.14910  259.82  259.82
  2655.0   0.0 -0.04986  260.78  260.78
  2655.0   0.0  0.04986  256.51  256.51
  2655.0   0.0  0.14910  239.57  239.57
  2655.0   0.0  0.24685  208.72  208.72
  2655.0   0.0  0.34215  181.09  181.09
  2655.0   0.0  0.43405  159.37  159.37
  2655.0   0.0  0.52163  142.62  142.62
  2655.0   0.0  0.60403  129.65  129.65
  2655.0   0.0  0.68043  119.52  119.52
  2655.0   0.0  0.75006  111.56  111.56
  2655.0   0.0  0.81224  105.30  105.30
  2655.0   0.0  0.86635  100.40  100.40
  2655.0   0.0  0.91185   96.63   96.63
  2655.0   0.0  0.94828   93.81   93.81
  2655.0   0.0  0.97529   91.82   91.82
  2655.0   0.0  0.99261   90.60   90.60
  2655.0   0.0  1.00000   90.08   90.08
