C  NUMMU= 16  NUMAZI=  1  AZIORDER=  0  NSTOKES=2
C  LAYER_FILE=
   DELTA-M=N
C  SRC_CODE=2   QUAD_TYPE=LOBATTO         
C  LON=  11.904 LAT=  49.960 LFRAC=   0.000
C  GROUND_TEMP=  284.59   GROUND_TYPE=OCEAN            W10=   5.565
C  GROUND_INDEX=   3.2179  -1.8574   SKY_TEMP=    2.73
C  WAVELENGTH=0.333103E+04
C  UNITS=KELVINS - EBB               OUTPUT_POLARIZATION=VH
C  IWV= 1.645700E+01
C  CWP= 5.084580E-01
C  IWP= 1.455767E-02
C  RWP= 1.576369E-06
C  SWP= 7.174017E-01
C  GWP= 2.445300E-02
C  HWP= 0.000000E+00
C    Z      PHI     MU    FLUX/RADIANCE (V,H,U,V)
 22000.0   0.0 -2.00000  255.17  249.12
 22000.0   0.0  2.00000    2.73    2.73
 22000.0   0.0 -1.00000  243.71  243.71
 22000.0   0.0 -0.99261  244.12  243.76
 22000.0   0.0 -0.97529  245.07  243.90
 22000.0   0.0 -0.94828  246.54  244.14
 22000.0   0.0 -0.91185  248.46  244.53
 22000.0   0.0 -0.86635  250.77  245.12
 22000.0   0.0 -0.81224  253.34  245.98
 22000.0   0.0 -0.75006  255.99  247.19
 22000.0   0.0 -0.68043  258.50  248.78
 22000.0   0.0 -0.60403  260.54  250.78
 22000.0   0.0 -0.52163  261.73  253.06
 22000.0   0.0 -0.43405  261.67  255.23
 22000.0   0.0 -0.34215  260.08  256.52
 22000.0   0.0 -0.24685  257.08  255.78
 22000.0   0.0 -0.14910  251.52  251.12
 22000.0   0.0 -0.04986  234.99  234.32
 22000.0   0.0  0.04986    2.73    2.73
 22000.0   0.0  0.14910    2.73    2.73
 22000.0   0.0  0.24685    2.73    2.73
 22000.0   0.0  0.34215    2.73    2.73
 22000.0   0.0  0.43405    2.73    2.73
 22000.0   0.0  0.52163    2.73    2.73
 22000.0   0.0  0.60403    2.73    2.73
 22000.0   0.0  0.68043    2.73    2.73
 22000.0   0.0  0.75006    2.73    2.73
 22000.0   0.0  0.81224    2.73    2.73
 22000.0   0.0  0.86635    2.73    2.73
 22000.0   0.0  0.91185    2.73    2.73
 22000.0   0.0  0.94828    2.73    2.73
 22000.0   0.0  0.97529    2.73    2.73
 22000.0   0.0  0.99261    2.73    2.73
 22000.0   0.0  1.00000    2.73    2.73
   610.8   0.0 -2.00000  253.65  233.54
   610.8   0.0  2.00000  180.05  180.03
   610.8   0.0 -1.00000  225.66  225.66
   610.8   0.0 -0.99261  226.32  225.60
   610.8   0.0 -0.97529  227.88  225.46
   610.8   0.0 -0.94828  230.32  225.29
   610.8   0.0 -0.91185  233.65  225.15
   610.8   0.0 -0.86635  237.86  225.14
   610.8   0.0 -0.81224  242.88  225.41
   610.8   0.0 -0.75006  248.65  226.17
   610.8   0.0 -0.68043  254.98  227.70
   610.8   0.0 -0.60403  261.55  230.37
   610.8   0.0 -0.52163  267.87  234.65
   610.8   0.0 -0.43405  273.12  240.98
   610.8   0.0 -0.34215  276.31  249.56
   610.8   0.0 -0.24685  280.03  261.27
   610.8   0.0 -0.14910  281.24  272.08
   610.8   0.0 -0.04986  281.07  279.15
   610.8   0.0  0.04986  278.70  278.69
   610.8   0.0  0.14910  269.70  269.66
   610.8   0.0  0.24685  254.05  254.00
   610.8   0.0  0.34215  234.22  234.17
   610.8   0.0  0.43405  215.09  215.05
   610.8   0.0  0.52163  198.38  198.34
   610.8   0.0  0.60403  184.31  184.28
   610.8   0.0  0.68043  172.66  172.64
   610.8   0.0  0.75006  163.12  163.10
   610.8   0.0  0.81224  155.37  155.36
   610.8   0.0  0.86635  149.17  149.16
   610.8   0.0  0.91185  144.30  144.30
   610.8   0.0  0.94828  140.62  140.62
   610.8   0.0  0.97529  138.00  138.00
   610.8   0.0  0.99261  136.37  136.37
   610.8   0.0  1.00000  135.69  135.69
