C  NUMMU= 16  NUMAZI=  1  AZIORDER=  0  NSTOKES=2
C  LAYER_FILE=
   DELTA-M=N
C  SRC_CODE=2   QUAD_TYPE=LOBATTO         
C  LON=  11.904 LAT=  49.960 LFRAC=   0.000
C  GROUND_TEMP=  284.59   GROUND_TYPE=OCEAN            W10=   3.935
C  GROUND_INDEX=   4.7671  -2.7511   SKY_TEMP=    2.73
C  WAVELENGTH=0.856550E+04
C  UNITS=KELVINS - EBB               OUTPUT_POLARIZATION=VH
C  IWV= 1.645700E+01
C  CWP= 5.084580E-01
C  IWP= 1.455767E-02
C  RWP= 1.576369E-06
C  SWP= 7.174017E-01
C  GWP= 2.445300E-02
C  HWP= 0.000000E+00
C    Z      PHI     MU    FLUX/RADIANCE (V,H,U,V)
 22000.0   0.0 -2.00000  214.25  185.48
 22000.0   0.0  2.00000    2.73    2.73
 22000.0   0.0 -1.00000  179.20  179.20
 22000.0   0.0 -0.99261  179.94  179.08
 22000.0   0.0 -0.97529  181.70  178.81
 22000.0   0.0 -0.94828  184.49  178.45
 22000.0   0.0 -0.91185  188.36  178.05
 22000.0   0.0 -0.86635  193.32  177.74
 22000.0   0.0 -0.81224  199.43  177.66
 22000.0   0.0 -0.75006  206.67  178.03
 22000.0   0.0 -0.68043  214.96  179.15
 22000.0   0.0 -0.60403  224.06  181.44
 22000.0   0.0 -0.52163  233.37  185.42
 22000.0   0.0 -0.43405  241.63  191.69
 22000.0   0.0 -0.34215  246.33  200.72
 22000.0   0.0 -0.24685  255.89  215.42
 22000.0   0.0 -0.14910  248.14  231.13
 22000.0   0.0 -0.04986  215.93  209.44
 22000.0   0.0  0.04986    2.73    2.73
 22000.0   0.0  0.14910    2.73    2.73
 22000.0   0.0  0.24685    2.73    2.73
 22000.0   0.0  0.34215    2.73    2.73
 22000.0   0.0  0.43405    2.73    2.73
 22000.0   0.0  0.52163    2.73    2.73
 22000.0   0.0  0.60403    2.73    2.73
 22000.0   0.0  0.68043    2.73    2.73
 22000.0   0.0  0.75006    2.73    2.73
 22000.0   0.0  0.81224    2.73    2.73
 22000.0   0.0  0.86635    2.73    2.73
 22000.0   0.0  0.91185    2.73    2.73
 22000.0   0.0  0.94828    2.73    2.73
 22000.0   0.0  0.97529    2.73    2.73
 22000.0   0.0  0.99261    2.73    2.73
 22000.0   0.0  1.00000    2.73    2.73
   610.8   0.0 -2.00000  204.91  158.86
   610.8   0.0  2.00000   85.56   85.31
   610.8   0.0 -1.00000  161.30  161.30
   610.8   0.0 -0.99261  162.08  161.01
   610.8   0.0 -0.97529  163.94  160.33
   610.8   0.0 -0.94828  166.92  159.29
   610.8   0.0 -0.91185  171.07  157.95
   610.8   0.0 -0.86635  176.49  156.38
   610.8   0.0 -0.81224  183.29  154.70
   610.8   0.0 -0.75006  191.56  153.09
   610.8   0.0 -0.68043  201.38  151.78
   610.8   0.0 -0.60403  212.69  151.16
   610.8   0.0 -0.52163  225.08  151.72
   610.8   0.0 -0.43405  237.31  154.14
   610.8   0.0 -0.34215  245.87  159.07
   610.8   0.0 -0.24685  272.84  174.69
   610.8   0.0 -0.14910  278.52  211.80
   610.8   0.0 -0.04986  278.20  268.16
   610.8   0.0  0.04986  267.75  267.61
   610.8   0.0  0.14910  205.16  204.47
   610.8   0.0  0.24685  156.59  155.90
   610.8   0.0  0.34215  126.06  125.48
   610.8   0.0  0.43405  105.91  105.44
   610.8   0.0  0.52163   91.87   91.50
   610.8   0.0  0.60403   81.70   81.41
   610.8   0.0  0.68043   74.11   73.88
   610.8   0.0  0.75006   68.33   68.16
   610.8   0.0  0.81224   63.90   63.78
   610.8   0.0  0.86635   60.49   60.41
   610.8   0.0  0.91185   57.91   57.85
   610.8   0.0  0.94828   55.99   55.96
   610.8   0.0  0.97529   54.65   54.64
   610.8   0.0  0.99261   53.83   53.82
   610.8   0.0  1.00000   53.48   53.48
