C  NUMMU= 16  NUMAZI=  1  AZIORDER=  0  NSTOKES=2
C  LAYER_FILE=
   DELTA-M=N
C  SRC_CODE=2   QUAD_TYPE=LOBATTO         
C  LON=   6.000 LAT=  50.000 LFRAC=   1.000
C  GROUND_TEMP=  261.04   GROUND_TYPE=SPECULAR         W10=   0.000
C  GROUND_ALBEDO= 0.04690   SKY_TEMP=    2.73
C  WAVELENGTH=0.856550E+04
C  UNITS=KELVINS - EBB               OUTPUT_POLARIZATION=VH
C  IWV= 3.477031E+00
C  CWP= 1.000000E-01
C  IWP= 0.000000E+00
C  RWP= 0.000000E+00
C  SWP= 0.000000E+00
C  GWP= 0.000000E+00
C  HWP= 0.000000E+00
C    Z      PHI     MU    FLUX/RADIANCE (V,H,U,V)
 16650.0   0.0 -2.00000  249.94  249.94
 16650.0   0.0  2.00000    2.73    2.73
 16650.0   0.0 -1.00000  249.47  249.47
 16650.0   0.0 -0.99261  249.47  249.47
 16650.0   0.0 -0.97529  249.48  249.48
 16650.0   0.0 -0.94828  249.49  249.49
 16650.0   0.0 -0.91185  249.51  249.51
 16650.0   0.0 -0.86635  249.54  249.54
 16650.0   0.0 -0.81224  249.57  249.57
 16650.0   0.0 -0.75006  249.62  249.62
 16650.0   0.0 -0.68043  249.67  249.67
 16650.0   0.0 -0.60403  249.75  249.75
 16650.0   0.0 -0.52163  249.85  249.85
 16650.0   0.0 -0.43405  249.98  249.98
 16650.0   0.0 -0.34215  250.17  250.17
 16650.0   0.0 -0.24685  250.41  250.41
 16650.0   0.0 -0.14910  250.60  250.60
 16650.0   0.0 -0.04986  247.91  247.91
 16650.0   0.0  0.04986    2.73    2.73
 16650.0   0.0  0.14910    2.73    2.73
 16650.0   0.0  0.24685    2.73    2.73
 16650.0   0.0  0.34215    2.73    2.73
 16650.0   0.0  0.43405    2.73    2.73
 16650.0   0.0  0.52163    2.73    2.73
 16650.0   0.0  0.60403    2.73    2.73
 16650.0   0.0  0.68043    2.73    2.73
 16650.0   0.0  0.75006    2.73    2.73
 16650.0   0.0  0.81224    2.73    2.73
 16650.0   0.0  0.86635    2.73    2.73
 16650.0   0.0  0.91185    2.73    2.73
 16650.0   0.0  0.94828    2.73    2.73
 16650.0   0.0  0.97529    2.73    2.73
 16650.0   0.0  0.99261    2.73    2.73
 16650.0   0.0  1.00000    2.73    2.73
  2655.0   0.0 -2.00000  250.39  250.39
  2655.0   0.0  2.00000   29.71   29.71
  2655.0   0.0 -1.00000  249.61  249.61
  2655.0   0.0 -0.99261  249.62  249.62
  2655.0   0.0 -0.97529  249.63  249.63
  2655.0   0.0 -0.94828  249.65  249.65
  2655.0   0.0 -0.91185  249.68  249.68
  2655.0   0.0 -0.86635  249.71  249.71
  2655.0   0.0 -0.81224  249.76  249.76
  2655.0   0.0 -0.75006  249.83  249.83
  2655.0   0.0 -0.68043  249.92  249.92
  2655.0   0.0 -0.60403  250.04  250.04
  2655.0   0.0 -0.52163  250.20  250.20
  2655.0   0.0 -0.43405  250.44  250.44
  2655.0   0.0 -0.34215  250.82  250.82
  2655.0   0.0 -0.24685  251.46  251.46
  2655.0   0.0 -0.14910  252.82  252.82
  2655.0   0.0 -0.04986  257.15  257.15
  2655.0   0.0  0.04986  178.09  178.09
  2655.0   0.0  0.14910   85.79   85.79
  2655.0   0.0  0.24685   56.86   56.86
  2655.0   0.0  0.34215   43.11   43.11
  2655.0   0.0  0.43405   35.15   35.15
  2655.0   0.0  0.52163   30.03   30.03
  2655.0   0.0  0.60403   26.50   26.50
  2655.0   0.0  0.68043   23.95   23.95
  2655.0   0.0  0.75006   22.07   22.07
  2655.0   0.0  0.81224   20.65   20.65
  2655.0   0.0  0.86635   19.57   19.57
  2655.0   0.0  0.91185   18.76   18.76
  2655.0   0.0  0.94828   18.17   18.17
  2655.0   0.0  0.97529   17.75   17.75
  2655.0   0.0  0.99261   17.50   17.50
  2655.0   0.0  1.00000   17.39   17.39
