C  NUMMU= 16  NUMAZI=  1  AZIORDER=  0  NSTOKES=2
C  LAYER_FILE=
   DELTA-M=N
C  SRC_CODE=2   QUAD_TYPE=LOBATTO         
C  LON=   0.000 LAT=   0.000 LFRAC=  -1.000
C  GROUND_TEMP=  261.04   GROUND_TYPE=SPECULAR         W10=   0.000
C  GROUND_ALBEDO= 0.04690   SKY_TEMP=    2.73
C  WAVELENGTH=0.856550E+04
C  UNITS=KELVINS - EBB               OUTPUT_POLARIZATION=VH
C  IWV= 3.477031E+00
C  CWP= 2.000000E-01
C  IWP= 0.000000E+00
C  RWP= 0.000000E+00
C  SWP= 0.000000E+00
C  GWP= 0.000000E+00
C  HWP= 0.000000E+00
C    Z      PHI     MU    FLUX/RADIANCE (V,H,U,V)
 16650.0   0.0 -2.00000  250.38  250.38
 16650.0   0.0  2.00000    2.73    2.73
 16650.0   0.0 -1.00000  249.82  249.82
 16650.0   0.0 -0.99261  249.83  249.83
 16650.0   0.0 -0.97529  249.84  249.84
 16650.0   0.0 -0.94828  249.86  249.86
 16650.0   0.0 -0.91185  249.89  249.89
 16650.0   0.0 -0.86635  249.93  249.93
 16650.0   0.0 -0.81224  249.99  249.99
 16650.0   0.0 -0.75006  250.05  250.05
 16650.0   0.0 -0.68043  250.14  250.14
 16650.0   0.0 -0.60403  250.25  250.25
 16650.0   0.0 -0.52163  250.39  250.39
 16650.0   0.0 -0.43405  250.57  250.57
 16650.0   0.0 -0.34215  250.78  250.78
 16650.0   0.0 -0.24685  251.01  251.01
 16650.0   0.0 -0.14910  250.89  250.89
 16650.0   0.0 -0.04986  246.35  246.35
 16650.0   0.0  0.04986    2.73    2.73
 16650.0   0.0  0.14910    2.73    2.73
 16650.0   0.0  0.24685    2.73    2.73
 16650.0   0.0  0.34215    2.73    2.73
 16650.0   0.0  0.43405    2.73    2.73
 16650.0   0.0  0.52163    2.73    2.73
 16650.0   0.0  0.60403    2.73    2.73
 16650.0   0.0  0.68043    2.73    2.73
 16650.0   0.0  0.75006    2.73    2.73
 16650.0   0.0  0.81224    2.73    2.73
 16650.0   0.0  0.86635    2.73    2.73
 16650.0   0.0  0.91185    2.73    2.73
 16650.0   0.0  0.94828    2.73    2.73
 16650.0   0.0  0.97529    2.73    2.73
 16650.0   0.0  0.99261    2.73    2.73
 16650.0   0.0  1.00000    2.73    2.73
  2655.0   0.0 -2.00000  251.03  251.03
  2655.0   0.0  2.00000   43.28   43.28
  2655.0   0.0 -1.00000  249.99  249.99
  2655.0   0.0 -0.99261  250.00  250.00
  2655.0   0.0 -0.97529  250.02  250.02
  2655.0   0.0 -0.94828  250.05  250.05
  2655.0   0.0 -0.91185  250.09  250.09
  2655.0   0.0 -0.86635  250.15  250.15
  2655.0   0.0 -0.81224  250.23  250.23
  2655.0   0.0 -0.75006  250.33  250.33
  2655.0   0.0 -0.68043  250.46  250.46
  2655.0   0.0 -0.60403  250.64  250.64
  2655.0   0.0 -0.52163  250.89  250.89
  2655.0   0.0 -0.43405  251.24  251.24
  2655.0   0.0 -0.34215  251.78  251.78
  2655.0   0.0 -0.24685  252.69  252.69
  2655.0   0.0 -0.14910  254.47  254.47
  2655.0   0.0 -0.04986  258.94  258.94
  2655.0   0.0  0.04986  216.25  216.25
  2655.0   0.0  0.14910  121.01  121.01
  2655.0   0.0  0.24685   82.98   82.98
  2655.0   0.0  0.34215   63.67   63.67
  2655.0   0.0  0.43405   52.16   52.16
  2655.0   0.0  0.52163   44.61   44.61
  2655.0   0.0  0.60403   39.35   39.35
  2655.0   0.0  0.68043   35.53   35.53
  2655.0   0.0  0.75006   32.68   32.68
  2655.0   0.0  0.81224   30.53   30.53
  2655.0   0.0  0.86635   28.89   28.89
  2655.0   0.0  0.91185   27.65   27.65
  2655.0   0.0  0.94828   26.75   26.75
  2655.0   0.0  0.97529   26.12   26.12
  2655.0   0.0  0.99261   25.73   25.73
  2655.0   0.0  1.00000   25.57   25.57
