C  NUMMU= 16  NUMAZI=  1  AZIORDER=  0  NSTOKES=2
C  LAYER_FILE=
   DELTA-M=N
C  SRC_CODE=2   QUAD_TYPE=LOBATTO         
C  LON=   6.000 LAT=  50.000 LFRAC=   0.000
C  GROUND_TEMP=  261.04   GROUND_TYPE=OCEAN            W10=   0.000
C  GROUND_INDEX=   3.5333  -2.1801   SKY_TEMP=    2.73
C  WAVELENGTH=0.856550E+04
C  UNITS=KELVINS - EBB               OUTPUT_POLARIZATION=VH
C  IWV= 3.477031E+00
C  CWP= 3.000000E-01
C  IWP= 0.000000E+00
C  RWP= 0.000000E+00
C  SWP= 0.000000E+00
C  GWP= 0.000000E+00
C  HWP= 0.000000E+00
C    Z      PHI     MU    FLUX/RADIANCE (V,H,U,V)
 29650.0   0.0 -2.00000  206.76  166.79
 29650.0   0.0  2.00000    2.73    2.73
 29650.0   0.0 -1.00000  171.81  171.81
 29650.0   0.0 -0.99261  172.54  171.50
 29650.0   0.0 -0.97529  174.28  170.78
 29650.0   0.0 -0.94828  177.05  169.66
 29650.0   0.0 -0.91185  180.86  168.20
 29650.0   0.0 -0.86635  185.76  166.43
 29650.0   0.0 -0.81224  191.77  164.45
 29650.0   0.0 -0.75006  198.90  162.40
 29650.0   0.0 -0.68043  207.04  160.50
 29650.0   0.0 -0.60403  215.94  159.08
 29650.0   0.0 -0.52163  224.94  158.61
 29650.0   0.0 -0.43405  232.57  159.81
 29650.0   0.0 -0.34215  235.68  163.60
 29650.0   0.0 -0.24685  248.85  181.54
 29650.0   0.0 -0.14910  247.06  212.23
 29650.0   0.0 -0.04986  244.15  243.30
 29650.0   0.0  0.04986    2.73    2.73
 29650.0   0.0  0.14910    2.73    2.73
 29650.0   0.0  0.24685    2.73    2.73
 29650.0   0.0  0.34215    2.73    2.73
 29650.0   0.0  0.43405    2.73    2.73
 29650.0   0.0  0.52163    2.73    2.73
 29650.0   0.0  0.60403    2.73    2.73
 29650.0   0.0  0.68043    2.73    2.73
 29650.0   0.0  0.75006    2.73    2.73
 29650.0   0.0  0.81224    2.73    2.73
 29650.0   0.0  0.86635    2.73    2.73
 29650.0   0.0  0.91185    2.73    2.73
 29650.0   0.0  0.94828    2.73    2.73
 29650.0   0.0  0.97529    2.73    2.73
 29650.0   0.0  0.99261    2.73    2.73
 29650.0   0.0  1.00000    2.73    2.73
  2655.0   0.0 -2.00000  198.73  144.86
  2655.0   0.0  2.00000   55.74   55.74
  2655.0   0.0 -1.00000  160.88  160.88
  2655.0   0.0 -0.99261  161.63  160.43
  2655.0   0.0 -0.97529  163.42  159.40
  2655.0   0.0 -0.94828  166.27  157.77
  2655.0   0.0 -0.91185  170.22  155.56
  2655.0   0.0 -0.86635  175.33  152.79
  2655.0   0.0 -0.81224  181.67  149.47
  2655.0   0.0 -0.75006  189.27  145.68
  2655.0   0.0 -0.68043  198.10  141.49
  2655.0   0.0 -0.60403  207.94  137.04
  2655.0   0.0 -0.52163  218.15  132.51
  2655.0   0.0 -0.43405  226.97  128.04
  2655.0   0.0 -0.34215  229.80  123.38
  2655.0   0.0 -0.24685  249.65  134.14
  2655.0   0.0 -0.14910  247.04  161.87
  2655.0   0.0 -0.04986  248.56  236.31
  2655.0   0.0  0.04986  235.28  235.28
  2655.0   0.0  0.14910  149.03  149.03
  2655.0   0.0  0.24685  105.81  105.81
  2655.0   0.0  0.34215   82.38   82.38
  2655.0   0.0  0.43405   67.98   67.98
  2655.0   0.0  0.52163   58.37   58.37
  2655.0   0.0  0.60403   51.59   51.59
  2655.0   0.0  0.68043   46.62   46.62
  2655.0   0.0  0.75006   42.90   42.90
  2655.0   0.0  0.81224   40.07   40.07
  2655.0   0.0  0.86635   37.92   37.92
  2655.0   0.0  0.91185   36.29   36.29
  2655.0   0.0  0.94828   35.09   35.09
  2655.0   0.0  0.97529   34.26   34.26
  2655.0   0.0  0.99261   33.74   33.74
  2655.0   0.0  1.00000   33.53   33.53
