C  NUMMU= 16  NUMAZI=  1  AZIORDER=  0  NSTOKES=2
C  LAYER_FILE=
   DELTA-M=N
C  SRC_CODE=2   QUAD_TYPE=LOBATTO         
C  LON=  11.904 LAT=  49.960 LFRAC=   0.000
C  GROUND_TEMP=  284.59   GROUND_TYPE=OCEAN            W10=   3.935
C  GROUND_INDEX=   4.7671  -2.7511   SKY_TEMP=    2.73
C  WAVELENGTH=0.856550E+04
C  UNITS=KELVINS - EBB               OUTPUT_POLARIZATION=VH
C  IWV= 1.645700E+01
C  CWP= 5.084580E-01
C  IWP= 1.455767E-02
C  RWP= 1.576369E-06
C  SWP= 7.174017E-01
C  GWP= 2.445300E-02
C  HWP= 0.000000E+00
C    Z      PHI     MU    FLUX/RADIANCE (V,H,U,V)
 22000.0   0.0 -2.00000  214.58  186.22
 22000.0   0.0  2.00000    2.73    2.73
 22000.0   0.0 -1.00000  179.34  179.34
 22000.0   0.0 -0.99261  180.08  179.22
 22000.0   0.0 -0.97529  181.84  178.96
 22000.0   0.0 -0.94828  184.64  178.60
 22000.0   0.0 -0.91185  188.50  178.22
 22000.0   0.0 -0.86635  193.49  177.92
 22000.0   0.0 -0.81224  199.61  177.86
 22000.0   0.0 -0.75006  206.89  178.26
 22000.0   0.0 -0.68043  215.26  179.44
 22000.0   0.0 -0.60403  224.46  181.82
 22000.0   0.0 -0.52163  233.93  185.94
 22000.0   0.0 -0.43405  242.42  192.45
 22000.0   0.0 -0.34215  247.45  201.93
 22000.0   0.0 -0.24685  253.53  218.39
 22000.0   0.0 -0.14910  249.75  235.95
 22000.0   0.0 -0.04986  222.52  221.07
 22000.0   0.0  0.04986    2.73    2.73
 22000.0   0.0  0.14910    2.73    2.73
 22000.0   0.0  0.24685    2.73    2.73
 22000.0   0.0  0.34215    2.73    2.73
 22000.0   0.0  0.43405    2.73    2.73
 22000.0   0.0  0.52163    2.73    2.73
 22000.0   0.0  0.60403    2.73    2.73
 22000.0   0.0  0.68043    2.73    2.73
 22000.0   0.0  0.75006    2.73    2.73
 22000.0   0.0  0.81224    2.73    2.73
 22000.0   0.0  0.86635    2.73    2.73
 22000.0   0.0  0.91185    2.73    2.73
 22000.0   0.0  0.94828    2.73    2.73
 22000.0   0.0  0.97529    2.73    2.73
 22000.0   0.0  0.99261    2.73    2.73
 22000.0   0.0  1.00000    2.73    2.73
   610.8   0.0 -2.00000  204.06  158.81
   610.8   0.0  2.00000   85.13   85.04
   610.8   0.0 -1.00000  161.23  161.23
   610.8   0.0 -0.99261  162.01  160.94
   610.8   0.0 -0.97529  163.87  160.25
   610.8   0.0 -0.94828  166.83  159.21
   610.8   0.0 -0.91185  170.98  157.86
   610.8   0.0 -0.86635  176.39  156.28
   610.8   0.0 -0.81224  183.17  154.59
   610.8   0.0 -0.75006  191.43  152.95
   610.8   0.0 -0.68043  201.23  151.63
   610.8   0.0 -0.60403  212.52  150.97
   610.8   0.0 -0.52163  224.90  151.49
   610.8   0.0 -0.43405  237.12  153.85
   610.8   0.0 -0.34215  245.66  158.70
   610.8   0.0 -0.24685  262.17  176.17
   610.8   0.0 -0.14910  271.85  212.55
   610.8   0.0 -0.04986  276.73  268.32
   610.8   0.0  0.04986  267.57  267.50
   610.8   0.0  0.14910  204.15  203.96
   610.8   0.0  0.24685  155.56  155.37
   610.8   0.0  0.34215  125.19  125.01
   610.8   0.0  0.43405  105.19  105.03
   610.8   0.0  0.52163   91.29   91.16
   610.8   0.0  0.60403   81.22   81.11
   610.8   0.0  0.68043   73.72   73.63
   610.8   0.0  0.75006   68.01   67.95
   610.8   0.0  0.81224   63.64   63.59
   610.8   0.0  0.86635   60.27   60.24
   610.8   0.0  0.91185   57.72   57.70
   610.8   0.0  0.94828   55.83   55.82
   610.8   0.0  0.97529   54.51   54.50
   610.8   0.0  0.99261   53.70   53.69
   610.8   0.0  1.00000   53.36   53.36
