C  NUMMU= 16  NUMAZI=  1  AZIORDER=  0  NSTOKES=2
C  LAYER_FILE=
   DELTA-M=N
C  SRC_CODE=2   QUAD_TYPE=LOBATTO         
C  LON=   0.000 LAT=   0.000 LFRAC=  -1.000
C  GROUND_TEMP=  261.04   GROUND_TYPE=SPECULAR         W10=   0.000
C  GROUND_ALBEDO= 0.40000   SKY_TEMP=    2.73
C  WAVELENGTH=0.856550E+04
C  UNITS=KELVINS - EBB               OUTPUT_POLARIZATION=VH
C  IWV= 3.477031E+00
C  CWP= 2.000000E-01
C  IWP= 0.000000E+00
C  RWP= 0.000000E+00
C  SWP= 0.000000E+00
C  GWP= 0.000000E+00
C  HWP= 0.000000E+00
C    Z      PHI     MU    FLUX/RADIANCE (V,H,U,V)
 16650.0   0.0 -2.00000  185.08  185.08
 16650.0   0.0  2.00000    2.73    2.73
 16650.0   0.0 -1.00000  174.38  174.38
 16650.0   0.0 -0.99261  174.49  174.49
 16650.0   0.0 -0.97529  174.76  174.76
 16650.0   0.0 -0.94828  175.20  175.20
 16650.0   0.0 -0.91185  175.82  175.82
 16650.0   0.0 -0.86635  176.67  176.67
 16650.0   0.0 -0.81224  177.78  177.78
 16650.0   0.0 -0.75006  179.23  179.23
 16650.0   0.0 -0.68043  181.12  181.12
 16650.0   0.0 -0.60403  183.61  183.61
 16650.0   0.0 -0.52163  186.97  186.97
 16650.0   0.0 -0.43405  191.61  191.61
 16650.0   0.0 -0.34215  198.33  198.33
 16650.0   0.0 -0.24685  208.60  208.60
 16650.0   0.0 -0.14910  225.13  225.13
 16650.0   0.0 -0.04986  244.10  244.10
 16650.0   0.0  0.04986    2.73    2.73
 16650.0   0.0  0.14910    2.73    2.73
 16650.0   0.0  0.24685    2.73    2.73
 16650.0   0.0  0.34215    2.73    2.73
 16650.0   0.0  0.43405    2.73    2.73
 16650.0   0.0  0.52163    2.73    2.73
 16650.0   0.0  0.60403    2.73    2.73
 16650.0   0.0  0.68043    2.73    2.73
 16650.0   0.0  0.75006    2.73    2.73
 16650.0   0.0  0.81224    2.73    2.73
 16650.0   0.0  0.86635    2.73    2.73
 16650.0   0.0  0.91185    2.73    2.73
 16650.0   0.0  0.94828    2.73    2.73
 16650.0   0.0  0.97529    2.73    2.73
 16650.0   0.0  0.99261    2.73    2.73
 16650.0   0.0  1.00000    2.73    2.73
  2655.0   0.0 -2.00000  174.07  174.07
  2655.0   0.0  2.00000   43.28   43.28
  2655.0   0.0 -1.00000  166.85  166.85
  2655.0   0.0 -0.99261  166.92  166.92
  2655.0   0.0 -0.97529  167.07  167.07
  2655.0   0.0 -0.94828  167.33  167.33
  2655.0   0.0 -0.91185  167.69  167.69
  2655.0   0.0 -0.86635  168.18  168.18
  2655.0   0.0 -0.81224  168.84  168.84
  2655.0   0.0 -0.75006  169.70  169.70
  2655.0   0.0 -0.68043  170.84  170.84
  2655.0   0.0 -0.60403  172.37  172.37
  2655.0   0.0 -0.52163  174.47  174.47
  2655.0   0.0 -0.43405  177.49  177.49
  2655.0   0.0 -0.34215  182.09  182.09
  2655.0   0.0 -0.24685  189.82  189.82
  2655.0   0.0 -0.14910  205.03  205.03
  2655.0   0.0 -0.04986  243.12  243.12
  2655.0   0.0  0.04986  216.25  216.25
  2655.0   0.0  0.14910  121.01  121.01
  2655.0   0.0  0.24685   82.98   82.98
  2655.0   0.0  0.34215   63.67   63.67
  2655.0   0.0  0.43405   52.17   52.17
  2655.0   0.0  0.52163   44.62   44.62
  2655.0   0.0  0.60403   39.36   39.36
  2655.0   0.0  0.68043   35.53   35.53
  2655.0   0.0  0.75006   32.69   32.69
  2655.0   0.0  0.81224   30.53   30.53
  2655.0   0.0  0.86635   28.89   28.89
  2655.0   0.0  0.91185   27.66   27.66
  2655.0   0.0  0.94828   26.75   26.75
  2655.0   0.0  0.97529   26.12   26.12
  2655.0   0.0  0.99261   25.73   25.73
  2655.0   0.0  1.00000   25.57   25.57
