Attenuation_Atmosphere
[[[[  1.50000000e-03]
   [  1.60000000e-03]
   [  1.60000000e-03]
   [  1.50000000e-03]
   [  1.50000000e-03]
   [  1.50000000e-03]
   [  1.50000000e-03]
   [  1.50000000e-03]
   [  1.40000000e-03]
   [  1.40000000e-03]
   [  1.40000000e-03]
   [  1.40000000e-03]
   [  1.30000000e-03]
   [  1.30000000e-03]
   [  1.30000000e-03]
   [  1.30000000e-03]
   [  1.30000000e-03]
   [  1.20000000e-03]
   [  1.20000000e-03]
   [  1.20000000e-03]
   [  2.50000000e-03]
   [  2.40000000e-03]
   [  2.30000000e-03]
   [  2.30000000e-03]
   [  2.20000000e-03]
   [  2.20000000e-03]
   [  2.10000000e-03]
   [  2.00000000e-03]
   [  2.00000000e-03]
   [  1.90000000e-03]
   [  8.70000000e-03]
   [  7.40000000e-03]
   [  6.20000000e-03]
   [  5.30000000e-03]
   [  4.70000000e-03]
   [  4.20000000e-03]
   [  3.80000000e-03]
   [  3.40000000e-03]
   [  3.00000000e-03]
   [  2.60000000e-03]
   [  2.10000000e-03]
   [  1.80000000e-03]
   [  1.50000000e-03]
   [  1.30000000e-03]
   [  1.10000000e-03]
   [  9.00000000e-04]
   [  1.50000000e-03]
   [  1.10000000e-03]
   [  8.00000000e-04]
   [  6.00000000e-04]]]


 [[[  1.50000000e-03]
   [  1.60000000e-03]
   [  1.60000000e-03]
   [  1.50000000e-03]
   [  1.50000000e-03]
   [  1.50000000e-03]
   [  1.50000000e-03]
   [  1.50000000e-03]
   [  1.40000000e-03]
   [  1.40000000e-03]
   [  1.40000000e-03]
   [  1.40000000e-03]
   [  1.30000000e-03]
   [  1.30000000e-03]
   [  1.30000000e-03]
   [  1.30000000e-03]
   [  1.30000000e-03]
   [  1.20000000e-03]
   [  1.20000000e-03]
   [  1.20000000e-03]
   [  2.50000000e-03]
   [  2.40000000e-03]
   [  2.30000000e-03]
   [  2.30000000e-03]
   [  2.20000000e-03]
   [  2.20000000e-03]
   [  2.10000000e-03]
   [  2.00000000e-03]
   [  2.00000000e-03]
   [  1.90000000e-03]
   [  8.70000000e-03]
   [  7.40000000e-03]
   [  6.20000000e-03]
   [  5.30000000e-03]
   [  4.70000000e-03]
   [  4.20000000e-03]
   [  3.80000000e-03]
   [  3.40000000e-03]
   [  3.00000000e-03]
   [  2.60000000e-03]
   [  2.10000000e-03]
   [  1.80000000e-03]
   [  1.50000000e-03]
   [  1.30000000e-03]
   [  1.10000000e-03]
   [  9.00000000e-04]
   [  1.50000000e-03]
   [  1.10000000e-03]
   [  8.00000000e-04]
   [  6.00000000e-04]]]


 [[[  1.50000000e-03]
   [  1.60000000e-03]
   [  1.60000000e-03]
   [  1.50000000e-03]
   [  1.50000000e-03]
   [  1.50000000e-03]
   [  1.50000000e-03]
   [  1.50000000e-03]
   [  1.40000000e-03]
   [  1.40000000e-03]
   [  1.40000000e-03]
   [  1.40000000e-03]
   [  1.30000000e-03]
   [  1.30000000e-03]
   [  1.30000000e-03]
   [  1.30000000e-03]
   [  1.30000000e-03]
   [  1.20000000e-03]
   [  1.20000000e-03]
   [  1.20000000e-03]
   [  2.50000000e-03]
   [  2.40000000e-03]
   [  2.30000000e-03]
   [  2.30000000e-03]
   [  2.20000000e-03]
   [ -9.99900000e+03]
   [ -9.99900000e+03]
   [ -9.99900000e+03]
   [ -9.99900000e+03]
   [ -9.99900000e+03]
   [ -9.99900000e+03]
   [ -9.99900000e+03]
   [ -9.99900000e+03]
   [ -9.99900000e+03]
   [ -9.99900000e+03]
   [ -9.99900000e+03]
   [ -9.99900000e+03]
   [ -9.99900000e+03]
   [ -9.99900000e+03]
   [ -9.99900000e+03]
   [ -9.99900000e+03]
   [ -9.99900000e+03]
   [ -9.99900000e+03]
   [ -9.99900000e+03]
   [ -9.99900000e+03]
   [ -9.99900000e+03]
   [ -9.99900000e+03]
   [ -9.99900000e+03]
   [ -9.99900000e+03]
   [ -9.99900000e+03]]]


 [[[  1.50000000e-03]
   [  2.30000000e-03]
   [  3.10000000e-03]
   [  3.90000000e-03]
   [  4.60000000e-03]
   [  5.30000000e-03]
   [  5.90000000e-03]
   [  6.60000000e-03]
   [  7.50000000e-03]
   [  8.30000000e-03]
   [  9.20000000e-03]
   [  9.90000000e-03]
   [  1.04000000e-02]
   [  1.07000000e-02]
   [  1.09000000e-02]
   [  1.10000000e-02]
   [  1.12000000e-02]
   [  1.14000000e-02]
   [  1.14000000e-02]
   [  1.11000000e-02]
   [  1.07000000e-02]
   [  1.01000000e-02]
   [  9.30000000e-03]
   [  8.20000000e-03]
   [  7.20000000e-03]
   [  6.40000000e-03]
   [  5.80000000e-03]
   [  5.50000000e-03]
   [  5.10000000e-03]
   [  4.80000000e-03]
   [  4.30000000e-03]
   [  4.00000000e-03]
   [  3.70000000e-03]
   [  3.40000000e-03]
   [  3.10000000e-03]
   [  2.90000000e-03]
   [  2.50000000e-03]
   [  2.20000000e-03]
   [  1.80000000e-03]
   [  1.50000000e-03]
   [  1.20000000e-03]
   [  1.00000000e-03]
   [  8.00000000e-04]
   [  6.00000000e-04]
   [  5.00000000e-04]
   [  4.00000000e-04]
   [  3.00000000e-04]
   [  2.00000000e-04]
   [  1.00000000e-04]
   [  1.00000000e-04]]]]
Attenuation_Hydrometeors
[[[[  0.00000000e+00]
   [  0.00000000e+00]
   [  0.00000000e+00]
   [  0.00000000e+00]
   [  0.00000000e+00]
   [  0.00000000e+00]
   [  0.00000000e+00]
   [  0.00000000e+00]
   [  0.00000000e+00]
   [  0.00000000e+00]
   [  0.00000000e+00]
   [  0.00000000e+00]
   [  0.00000000e+00]
   [  0.00000000e+00]
   [  0.00000000e+00]
   [  0.00000000e+00]
   [  0.00000000e+00]
   [  0.00000000e+00]
   [  0.00000000e+00]
   [  0.00000000e+00]
   [  7.40000000e-03]
   [  7.50000000e-03]
   [  7.50000000e-03]
   [  7.50000000e-03]
   [  7.60000000e-03]
   [  7.60000000e-03]
   [  7.60000000e-03]
   [  7.70000000e-03]
   [  7.70000000e-03]
   [  7.80000000e-03]
   [  3.94000000e-02]
   [  3.98000000e-02]
   [  0.00000000e+00]
   [  0.00000000e+00]
   [  0.00000000e+00]
   [  0.00000000e+00]
   [  0.00000000e+00]
   [  0.00000000e+00]
   [  0.00000000e+00]
   [  0.00000000e+00]
   [  0.00000000e+00]
   [  0.00000000e+00]
   [  0.00000000e+00]
   [  0.00000000e+00]
   [  0.00000000e+00]
   [  0.00000000e+00]
   [  0.00000000e+00]
   [  0.00000000e+00]
   [  0.00000000e+00]
   [  0.00000000e+00]]]


 [[[  0.00000000e+00]
   [  0.00000000e+00]
   [  0.00000000e+00]
   [  0.00000000e+00]
   [  0.00000000e+00]
   [  0.00000000e+00]
   [  0.00000000e+00]
   [  0.00000000e+00]
   [  0.00000000e+00]
   [  0.00000000e+00]
   [  0.00000000e+00]
   [  0.00000000e+00]
   [  0.00000000e+00]
   [  0.00000000e+00]
   [  0.00000000e+00]
   [  0.00000000e+00]
   [  0.00000000e+00]
   [  0.00000000e+00]
   [  0.00000000e+00]
   [  0.00000000e+00]
   [  1.48000000e-02]
   [  1.49000000e-02]
   [  1.50000000e-02]
   [  1.51000000e-02]
   [  1.51000000e-02]
   [  1.52000000e-02]
   [  1.53000000e-02]
   [  1.54000000e-02]
   [  1.54000000e-02]
   [  1.55000000e-02]
   [  7.89000000e-02]
   [  7.96000000e-02]
   [  0.00000000e+00]
   [  0.00000000e+00]
   [  0.00000000e+00]
   [  0.00000000e+00]
   [  0.00000000e+00]
   [  0.00000000e+00]
   [  0.00000000e+00]
   [  0.00000000e+00]
   [  0.00000000e+00]
   [  0.00000000e+00]
   [  0.00000000e+00]
   [  0.00000000e+00]
   [  0.00000000e+00]
   [  0.00000000e+00]
   [  0.00000000e+00]
   [  0.00000000e+00]
   [  0.00000000e+00]
   [  0.00000000e+00]]]


 [[[  0.00000000e+00]
   [  0.00000000e+00]
   [  0.00000000e+00]
   [  0.00000000e+00]
   [  0.00000000e+00]
   [  0.00000000e+00]
   [  0.00000000e+00]
   [  0.00000000e+00]
   [  0.00000000e+00]
   [  0.00000000e+00]
   [  0.00000000e+00]
   [  0.00000000e+00]
   [  0.00000000e+00]
   [  0.00000000e+00]
   [  0.00000000e+00]
   [  0.00000000e+00]
   [  0.00000000e+00]
   [  0.00000000e+00]
   [  0.00000000e+00]
   [  0.00000000e+00]
   [  2.22000000e-02]
   [  2.24000000e-02]
   [  2.25000000e-02]
   [  2.26000000e-02]
   [  2.27000000e-02]
   [ -9.99900000e+03]
   [ -9.99900000e+03]
   [ -9.99900000e+03]
   [ -9.99900000e+03]
   [ -9.99900000e+03]
   [ -9.99900000e+03]
   [ -9.99900000e+03]
   [ -9.99900000e+03]
   [ -9.99900000e+03]
   [ -9.99900000e+03]
   [ -9.99900000e+03]
   [ -9.99900000e+03]
   [ -9.99900000e+03]
   [ -9.99900000e+03]
   [ -9.99900000e+03]
   [ -9.99900000e+03]
   [ -9.99900000e+03]
   [ -9.99900000e+03]
   [ -9.99900000e+03]
   [ -9.99900000e+03]
   [ -9.99900000e+03]
   [ -9.99900000e+03]
   [ -9.99900000e+03]
   [ -9.99900000e+03]
   [ -9.99900000e+03]]]


 [[[  0.00000000e+00]
   [  0.00000000e+00]
   [  0.00000000e+00]
   [  0.00000000e+00]
   [  0.00000000e+00]
   [  0.00000000e+00]
   [  0.00000000e+00]
   [  0.00000000e+00]
   [  0.00000000e+00]
   [  0.00000000e+00]
   [  0.00000000e+00]
   [  0.00000000e+00]
   [  0.00000000e+00]
   [  0.00000000e+00]
   [  0.00000000e+00]
   [  0.00000000e+00]
   [  0.00000000e+00]
   [  0.00000000e+00]
   [  2.46000000e-02]
   [  7.22000000e-02]
   [  1.65400000e-01]
   [  2.30700000e-01]
   [  1.48600000e-01]
   [  0.00000000e+00]
   [  0.00000000e+00]
   [  0.00000000e+00]
   [  0.00000000e+00]
   [  0.00000000e+00]
   [  1.00000000e-04]
   [  2.00000000e-04]
   [  3.00000000e-04]
   [  3.00000000e-04]
   [  3.00000000e-04]
   [  3.00000000e-04]
   [  3.00000000e-04]
   [  2.00000000e-04]
   [  2.00000000e-04]
   [  0.00000000e+00]
   [  0.00000000e+00]
   [  0.00000000e+00]
   [  0.00000000e+00]
   [  0.00000000e+00]
   [  0.00000000e+00]
   [  0.00000000e+00]
   [  0.00000000e+00]
   [  0.00000000e+00]
   [  0.00000000e+00]
   [  0.00000000e+00]
   [  0.00000000e+00]
   [  0.00000000e+00]]]]
Ze
[[[[ -9.99900000e+03]
   [ -9.99900000e+03]
   [ -9.99900000e+03]
   [ -9.99900000e+03]
   [ -9.99900000e+03]
   [ -9.99900000e+03]
   [ -9.99900000e+03]
   [ -9.99900000e+03]
   [ -9.99900000e+03]
   [ -9.99900000e+03]
   [ -9.99900000e+03]
   [ -9.99900000e+03]
   [ -9.99900000e+03]
   [ -9.99900000e+03]
   [ -9.99900000e+03]
   [ -9.99900000e+03]
   [ -9.99900000e+03]
   [ -9.99900000e+03]
   [ -9.99900000e+03]
   [ -9.99900000e+03]
   [ -3.11630000e+01]
   [ -3.11630000e+01]
   [ -3.11630000e+01]
   [ -3.11630000e+01]
   [ -3.11630000e+01]
   [ -3.11630000e+01]
   [ -3.11630000e+01]
   [ -3.11630000e+01]
   [ -3.11630000e+01]
   [ -3.11630000e+01]
   [ -3.11630000e+01]
   [ -3.11630000e+01]
   [ -9.99900000e+03]
   [ -9.99900000e+03]
   [ -9.99900000e+03]
   [ -9.99900000e+03]
   [ -9.99900000e+03]
   [ -9.99900000e+03]
   [ -9.99900000e+03]
   [ -9.99900000e+03]
   [ -9.99900000e+03]
   [ -9.99900000e+03]
   [ -9.99900000e+03]
   [ -9.99900000e+03]
   [ -9.99900000e+03]
   [ -9.99900000e+03]
   [ -9.99900000e+03]
   [ -9.99900000e+03]
   [ -9.99900000e+03]
   [ -9.99900000e+03]]]


 [[[ -9.99900000e+03]
   [ -9.99900000e+03]
   [ -9.99900000e+03]
   [ -9.99900000e+03]
   [ -9.99900000e+03]
   [ -9.99900000e+03]
   [ -9.99900000e+03]
   [ -9.99900000e+03]
   [ -9.99900000e+03]
   [ -9.99900000e+03]
   [ -9.99900000e+03]
   [ -9.99900000e+03]
   [ -9.99900000e+03]
   [ -9.99900000e+03]
   [ -9.99900000e+03]
   [ -9.99900000e+03]
   [ -9.99900000e+03]
   [ -9.99900000e+03]
   [ -9.99900000e+03]
   [ -9.99900000e+03]
   [ -2.81527000e+01]
   [ -2.81527000e+01]
   [ -2.81527000e+01]
   [ -2.81527000e+01]
   [ -2.81527000e+01]
   [ -2.81527000e+01]
   [ -2.81527000e+01]
   [ -2.81527000e+01]
   [ -2.81527000e+01]
   [ -2.81527000e+01]
   [ -2.81527000e+01]
   [ -2.81527000e+01]
   [ -9.99900000e+03]
   [ -9.99900000e+03]
   [ -9.99900000e+03]
   [ -9.99900000e+03]
   [ -9.99900000e+03]
   [ -9.99900000e+03]
   [ -9.99900000e+03]
   [ -9.99900000e+03]
   [ -9.99900000e+03]
   [ -9.99900000e+03]
   [ -9.99900000e+03]
   [ -9.99900000e+03]
   [ -9.99900000e+03]
   [ -9.99900000e+03]
   [ -9.99900000e+03]
   [ -9.99900000e+03]
   [ -9.99900000e+03]
   [ -9.99900000e+03]]]


 [[[ -9.99900000e+03]
   [ -9.99900000e+03]
   [ -9.99900000e+03]
   [ -9.99900000e+03]
   [ -9.99900000e+03]
   [ -9.99900000e+03]
   [ -9.99900000e+03]
   [ -9.99900000e+03]
   [ -9.99900000e+03]
   [ -9.99900000e+03]
   [ -9.99900000e+03]
   [ -9.99900000e+03]
   [ -9.99900000e+03]
   [ -9.99900000e+03]
   [ -9.99900000e+03]
   [ -9.99900000e+03]
   [ -9.99900000e+03]
   [ -9.99900000e+03]
   [ -9.99900000e+03]
   [ -9.99900000e+03]
   [ -2.63918000e+01]
   [ -2.63918000e+01]
   [ -2.63918000e+01]
   [ -2.63918000e+01]
   [ -2.63918000e+01]
   [ -9.99900000e+03]
   [ -9.99900000e+03]
   [ -9.99900000e+03]
   [ -9.99900000e+03]
   [ -9.99900000e+03]
   [ -9.99900000e+03]
   [ -9.99900000e+03]
   [ -9.99900000e+03]
   [ -9.99900000e+03]
   [ -9.99900000e+03]
   [ -9.99900000e+03]
   [ -9.99900000e+03]
   [ -9.99900000e+03]
   [ -9.99900000e+03]
   [ -9.99900000e+03]
   [ -9.99900000e+03]
   [ -9.99900000e+03]
   [ -9.99900000e+03]
   [ -9.99900000e+03]
   [ -9.99900000e+03]
   [ -9.99900000e+03]
   [ -9.99900000e+03]
   [ -9.99900000e+03]
   [ -9.99900000e+03]
   [ -9.99900000e+03]]]


 [[[ -9.99900000e+03]
   [ -9.99900000e+03]
   [ -9.99900000e+03]
   [ -9.99900000e+03]
   [ -9.99900000e+03]
   [ -9.99900000e+03]
   [ -9.99900000e+03]
   [ -9.99900000e+03]
   [ -9.99900000e+03]
   [ -9.99900000e+03]
   [ -9.99900000e+03]
   [ -9.99900000e+03]
   [ -9.99900000e+03]
   [ -9.99900000e+03]
   [ -9.99900000e+03]
   [ -9.99900000e+03]
   [ -9.99900000e+03]
   [ -9.99900000e+03]
   [ -2.91246000e+01]
   [ -2.47962000e+01]
   [  3.84310000e+00]
   [  3.53800000e+00]
   [ -2.26512000e+01]
   [ -9.99900000e+03]
   [ -9.99900000e+03]
   [ -9.99900000e+03]
   [ -9.99900000e+03]
   [ -1.17849000e+01]
   [ -3.48140000e+00]
   [  2.88300000e-01]
   [  2.75130000e+00]
   [  3.47990000e+00]
   [  4.27700000e+00]
   [  4.72640000e+00]
   [  4.16320000e+00]
   [  3.38980000e+00]
   [  3.88540000e+00]
   [ -1.29775000e+01]
   [ -9.99900000e+03]
   [ -9.99900000e+03]
   [ -9.99900000e+03]
   [ -9.99900000e+03]
   [ -9.99900000e+03]
   [ -9.99900000e+03]
   [ -9.99900000e+03]
   [ -9.99900000e+03]
   [ -9.99900000e+03]
   [ -9.99900000e+03]
   [ -9.99900000e+03]
   [ -9.99900000e+03]]]]
angle
[ 180.      173.0296  167.2376  161.493   155.7623  150.0375  144.3158
  138.596   132.8772  127.1593  121.4418  115.7247  110.0079  104.2912
   98.5747   92.8582   87.1418   81.4253   75.7088   69.9921   64.2753
   58.5582   52.8407   47.1228   41.404    35.6842   29.9625   24.2377
   18.507    12.7624    6.9704    0.    ]
cwp
[[ 0.1   ]
 [ 0.2   ]
 [ 0.3   ]
 [ 0.5085]]
datatime
[[  6.00000000e+02]
 [  1.28212650e+09]
 [  1.28212650e+09]
 [  1.28212650e+09]]
frequency
[ 35.]
gwp
[[ 0.    ]
 [ 0.    ]
 [ 0.    ]
 [ 0.0245]]
height
[[[  2677.5      2725.       2775.       2825.       2875.       2925.
     2975.       3025.       3075.       3125.       3175.       3225.
     3275.       3325.       3375.       3425.       3475.       3525.
     3575.       3625.       3700.       3800.       3900.       4000.
     4100.       4200.       4300.       4400.       4500.       4600.
     4900.       5400.       5900.       6400.       6900.       7400.
     7900.       8400.       8900.       9400.       9900.      10400.
    10900.      11400.      11900.      12400.      13150.      14150.
    15150.      16150.    ]]

 [[  2677.5      2725.       2775.       2825.       2875.       2925.
     2975.       3025.       3075.       3125.       3175.       3225.
     3275.       3325.       3375.       3425.       3475.       3525.
     3575.       3625.       3700.       3800.       3900.       4000.
     4100.       4200.       4300.       4400.       4500.       4600.
     4900.       5400.       5900.       6400.       6900.       7400.
     7900.       8400.       8900.       9400.       9900.      10400.
    10900.      11400.      11900.      12400.      13150.      14150.
    15150.      16150.    ]]

 [[  2677.5      2725.       2775.       2825.       2875.       2925.
     2975.       3025.       3075.       3125.       3175.       3225.
     3275.       3325.       3375.       3425.       3475.       3525.
     3575.       3625.       3700.       3800.       3900.       4000.
     4100.      -9999.      -9999.      -9999.      -9999.      -9999.
    -9999.      -9999.      -9999.      -9999.      -9999.      -9999.
    -9999.      -9999.      -9999.      -9999.      -9999.      -9999.
    -9999.      -9999.      -9999.      -9999.      -9999.      -9999.
    -9999.      -9999.    ]]

 [[   620.435     645.335     681.465     729.175     788.8149    860.71
      945.2      1042.63     1153.335    1277.64     1415.88     1568.395
     1735.495    1917.51     2114.76     2327.5549   2556.21     2801.0249
     3062.3052   3340.3401   3635.415    3947.8101   4277.7852   4625.5898
     4991.4751   5375.665    5778.355    6199.7402   6639.98     7099.2002
     7577.4902   8074.9102   8591.4746   9127.1152   9681.7109  10255.0605
    10846.8555  11477.2305  12159.8203  12877.6797  13620.7148  14389.2852
    15183.75    16004.4648  16851.7852  17726.0703  18627.6797  19556.9648
    20514.2852  21500.    ]]]
hwp
[[ 0.]
 [ 0.]
 [ 0.]
 [ 0.]]
iwp
[[ 0.    ]
 [ 0.    ]
 [ 0.    ]
 [ 0.0146]]
iwv
[[  3.477]
 [  3.477]
 [  3.477]
 [ 16.457]]
latitude
[[ 50.  ]
 [  0.  ]
 [ 50.  ]
 [ 49.96]]
lfrac
[[ 1.]
 [-1.]
 [ 0.]
 [ 0.]]
longitude
[[  6.   ]
 [  0.   ]
 [  6.   ]
 [ 11.904]]
model_i
[[ 1.]
 [ 2.]
 [ 3.]
 [ 4.]]
model_j
[[ 1.]
 [ 1.]
 [ 1.]
 [ 1.]]
nlyrs
[[ 50.]
 [ 50.]
 [ 25.]
 [ 50.]]
rwp
[[ 0.]
 [ 0.]
 [ 0.]
 [ 0.]]
swp
[[ 0.    ]
 [ 0.    ]
 [ 0.    ]
 [ 0.7174]]
tb
[[[[[[ 252.9249  252.9249]]

    [[ 252.9254  252.9254]]

    [[ 252.9264  252.9264]]

    [[ 252.9281  252.9281]]

    [[ 252.9304  252.9304]]

    [[ 252.9333  252.9333]]

    [[ 252.9368  252.9368]]

    [[ 252.9409  252.9409]]

    [[ 252.9451  252.9451]]

    [[ 252.9489  252.9489]]

    [[ 252.9503  252.9503]]

    [[ 252.9444  252.9444]]

    [[ 252.9163  252.9163]]

    [[ 252.8127  252.8127]]

    [[ 252.3569  252.3569]]

    [[ 248.2732  248.2732]]

    [[   2.73      2.73  ]]

    [[   2.73      2.73  ]]

    [[   2.73      2.73  ]]

    [[   2.73      2.73  ]]

    [[   2.73      2.73  ]]

    [[   2.73      2.73  ]]

    [[   2.73      2.73  ]]

    [[   2.73      2.73  ]]

    [[   2.73      2.73  ]]

    [[   2.73      2.73  ]]

    [[   2.73      2.73  ]]

    [[   2.73      2.73  ]]

    [[   2.73      2.73  ]]

    [[   2.73      2.73  ]]

    [[   2.73      2.73  ]]

    [[   2.73      2.73  ]]]


   [[[ 253.2902  253.2902]]

    [[ 253.2936  253.2936]]

    [[ 253.3016  253.3016]]

    [[ 253.3147  253.3147]]

    [[ 253.3336  253.3336]]

    [[ 253.3593  253.3593]]

    [[ 253.3936  253.3936]]

    [[ 253.4387  253.4387]]

    [[ 253.4987  253.4987]]

    [[ 253.5796  253.5796]]

    [[ 253.6919  253.6919]]

    [[ 253.8548  253.8548]]

    [[ 254.1076  254.1076]]

    [[ 254.545   254.545 ]]

    [[ 255.4648  255.4648]]

    [[ 258.4002  258.4002]]

    [[ 178.0899  178.0899]]

    [[  85.7853   85.7853]]

    [[  56.8608   56.8608]]

    [[  43.1038   43.1038]]

    [[  35.1527   35.1527]]

    [[  30.0293   30.0293]]

    [[  26.4972   26.4972]]

    [[  23.9525   23.9525]]

    [[  22.0663   22.0663]]

    [[  20.6451   20.6451]]

    [[  19.5685   19.5685]]

    [[  18.7588   18.7588]]

    [[  18.1646   18.1646]]

    [[  17.7519   17.7519]]

    [[  17.4988   17.4988]]

    [[  17.3933   17.3933]]]]]




 [[[[[ 174.3814  174.3814]]

    [[ 174.4932  174.4932]]

    [[ 174.761   174.761 ]]

    [[ 175.1963  175.1963]]

    [[ 175.8197  175.8197]]

    [[ 176.6635  176.6635]]

    [[ 177.7748  177.7748]]

    [[ 179.2237  179.2237]]

    [[ 181.1147  181.1147]]

    [[ 183.6088  183.6088]]

    [[ 186.9633  186.9633]]

    [[ 191.6116  191.6116]]

    [[ 198.3302  198.3302]]

    [[ 208.6006  208.6006]]

    [[ 225.1275  225.1275]]

    [[ 244.1016  244.1016]]

    [[   2.73      2.73  ]]

    [[   2.73      2.73  ]]

    [[   2.73      2.73  ]]

    [[   2.73      2.73  ]]

    [[   2.73      2.73  ]]

    [[   2.73      2.73  ]]

    [[   2.73      2.73  ]]

    [[   2.73      2.73  ]]

    [[   2.73      2.73  ]]

    [[   2.73      2.73  ]]

    [[   2.73      2.73  ]]

    [[   2.73      2.73  ]]

    [[   2.73      2.73  ]]

    [[   2.73      2.73  ]]

    [[   2.73      2.73  ]]

    [[   2.73      2.73  ]]]


   [[[ 166.8523  166.8523]]

    [[ 166.9169  166.9169]]

    [[ 167.0718  167.0718]]

    [[ 167.3242  167.3242]]

    [[ 167.6872  167.6872]]

    [[ 168.1809  168.1809]]

    [[ 168.8358  168.8358]]

    [[ 169.6978  169.6978]]

    [[ 170.837   170.837 ]]

    [[ 172.3653  172.3653]]

    [[ 174.47    174.47  ]]

    [[ 177.4885  177.4885]]

    [[ 182.091   182.091 ]]

    [[ 189.8143  189.8143]]

    [[ 205.0255  205.0255]]

    [[ 243.1218  243.1218]]

    [[ 216.2474  216.2474]]

    [[ 121.0064  121.0064]]

    [[  82.9778   82.9778]]

    [[  63.6686   63.6686]]

    [[  52.1616   52.1616]]

    [[  44.6148   44.6148]]

    [[  39.3522   39.3522]]

    [[  35.5309   35.5309]]

    [[  32.6823   32.6823]]

    [[  30.527    30.527 ]]

    [[  28.8892   28.8892]]

    [[  27.6546   27.6546]]

    [[  26.747    26.747 ]]

    [[  26.1157   26.1157]]

    [[  25.7283   25.7283]]

    [[  25.5668   25.5668]]]]]




 [[[[[ 154.7376  154.7376]]

    [[ 155.4905  154.2234]]

    [[ 157.2759  153.0105]]

    [[ 160.1218  151.0957]]

    [[ 164.0796  148.4693]]

    [[ 169.2149  145.1206]]

    [[ 175.598   141.0405]]

    [[ 183.2824  136.2235]]

    [[ 192.2544  130.6667]]

    [[ 202.3133  124.3558]]

    [[ 212.777   117.2092]]

    [[ 221.7002  108.8678]]

    [[ 223.5538   97.8718]]

    [[ 232.3132   97.8849]]

    [[ 228.125   113.5617]]

    [[ 221.8525  194.5858]]

    [[   2.73      2.73  ]]

    [[   2.73      2.73  ]]

    [[   2.73      2.73  ]]

    [[   2.73      2.73  ]]

    [[   2.73      2.73  ]]

    [[   2.73      2.73  ]]

    [[   2.73      2.73  ]]

    [[   2.73      2.73  ]]

    [[   2.73      2.73  ]]

    [[   2.73      2.73  ]]

    [[   2.73      2.73  ]]

    [[   2.73      2.73  ]]

    [[   2.73      2.73  ]]

    [[   2.73      2.73  ]]

    [[   2.73      2.73  ]]

    [[   2.73      2.73  ]]]


   [[[ 151.1691  151.1691]]

    [[ 151.9221  150.6094]]

    [[ 153.7082  149.2869]]

    [[ 156.5576  147.1921]]

    [[ 160.5252  144.304 ]]

    [[ 165.6818  140.594 ]]

    [[ 172.1055  136.0262]]

    [[ 179.8608  130.5537]]

    [[ 188.9473  124.1083]]

    [[ 199.176   116.5673]]

    [[ 209.8537  107.6528]]

    [[ 218.9129   96.604 ]]

    [[ 220.1794   80.9585]]

    [[ 228.8782   73.9696]]

    [[ 221.0614   76.1821]]

    [[ 188.5042  133.487 ]]

    [[ 130.1465  130.1465]]

    [[  55.5874   55.5874]]

    [[  36.1483   36.1483]]

    [[  27.3283   27.3283]]

    [[  22.3411   22.3411]]

    [[  19.1678   19.1678]]

    [[  16.9978   16.9978]]

    [[  15.443    15.443 ]]

    [[  14.2952   14.2952]]

    [[  13.4328   13.4328]]

    [[  12.781    12.781 ]]

    [[  12.2916   12.2916]]

    [[  11.9329   11.9329]]

    [[  11.6839   11.6839]]

    [[  11.5313   11.5313]]

    [[  11.4678   11.4678]]]]]




 [[[[[ 179.8056  179.8056]]

    [[ 180.5656  179.6891]]

    [[ 182.3653  179.4328]]

    [[ 185.2276  179.081 ]]

    [[ 189.1943  178.7079]]

    [[ 194.3155  178.4264]]

    [[ 200.6387  178.401 ]]

    [[ 208.1871  178.8654]]

    [[ 216.9169  180.147 ]]

    [[ 226.6319  182.6979]]

    [[ 236.8133  187.1269]]

    [[ 246.2935  194.2067]]

    [[ 252.7084  204.7666]]

    [[ 261.463   223.8034]]

    [[ 262.8156  247.7493]]

    [[ 254.3894  254.1842]]

    [[   2.73      2.73  ]]

    [[   2.73      2.73  ]]

    [[   2.73      2.73  ]]

    [[   2.73      2.73  ]]

    [[   2.73      2.73  ]]

    [[   2.73      2.73  ]]

    [[   2.73      2.73  ]]

    [[   2.73      2.73  ]]

    [[   2.73      2.73  ]]

    [[   2.73      2.73  ]]

    [[   2.73      2.73  ]]

    [[   2.73      2.73  ]]

    [[   2.73      2.73  ]]

    [[   2.73      2.73  ]]

    [[   2.73      2.73  ]]

    [[   2.73      2.73  ]]]


   [[[ 160.5199  160.5199]]

    [[ 161.2994  160.2177]]

    [[ 163.151   159.5182]]

    [[ 166.1124  158.4511]]

    [[ 170.2509  157.0648]]

    [[ 175.6563  155.4348]]

    [[ 182.4348  153.6755]]

    [[ 190.6938  151.9556]]

    [[ 200.5045  150.5214]]

    [[ 211.8136  149.7275]]

    [[ 224.2282  150.0704]]

    [[ 236.4778  152.1952]]

    [[ 245.003   156.7263]]

    [[ 261.6732  173.9106]]

    [[ 271.4323  210.3657]]

    [[ 276.5756  268.0469]]

    [[ 267.2241  267.2166]]

    [[ 201.5332  201.5198]]

    [[ 152.6879  152.6762]]

    [[ 122.5169  122.5075]]

    [[ 102.7744  102.7669]]

    [[  89.1031   89.0971]]

    [[  79.2284   79.2237]]

    [[  71.8814   71.8777]]

    [[  66.3077   66.3049]]

    [[  62.0353   62.0333]]

    [[  58.757    58.7556]]

    [[  56.2675   56.2666]]

    [[  54.4273   54.4268]]

    [[  53.1426   53.1423]]

    [[  52.352    52.3519]]

    [[  52.022    52.022 ]]]]]]
