[[[[  0.00000000e+00]
   [  0.00000000e+00]
   [  0.00000000e+00]
   [  0.00000000e+00]
   [  0.00000000e+00]
   [  0.00000000e+00]
   [  0.00000000e+00]
   [  0.00000000e+00]
   [  0.00000000e+00]
   [  0.00000000e+00]
   [  0.00000000e+00]
   [  0.00000000e+00]
   [  0.00000000e+00]
   [  0.00000000e+00]
   [  0.00000000e+00]
   [  0.00000000e+00]
   [  0.00000000e+00]
   [  0.00000000e+00]
   [  0.00000000e+00]
   [  0.00000000e+00]
   [  7.40000000e-03]
   [  7.49999983e-03]
   [  7.49999983e-03]
   [  7.49999983e-03]
   [  7.60000013e-03]
   [  7.60000013e-03]
   [  7.60000013e-03]
   [  7.69999996e-03]
   [  7.69999996e-03]
   [  7.79999979e-03]
   [  3.94000001e-02]
   [  3.97999994e-02]
   [  0.00000000e+00]
   [  0.00000000e+00]
   [  0.00000000e+00]
   [  0.00000000e+00]
   [  0.00000000e+00]
   [  0.00000000e+00]
   [  0.00000000e+00]
   [  0.00000000e+00]
   [  0.00000000e+00]
   [  0.00000000e+00]
   [  0.00000000e+00]
   [  0.00000000e+00]
   [  0.00000000e+00]
   [  0.00000000e+00]
   [  0.00000000e+00]
   [  0.00000000e+00]
   [  0.00000000e+00]
   [  0.00000000e+00]]]


 [[[  0.00000000e+00]
   [  0.00000000e+00]
   [  0.00000000e+00]
   [  0.00000000e+00]
   [  0.00000000e+00]
   [  0.00000000e+00]
   [  0.00000000e+00]
   [  0.00000000e+00]
   [  0.00000000e+00]
   [  0.00000000e+00]
   [  0.00000000e+00]
   [  0.00000000e+00]
   [  0.00000000e+00]
   [  0.00000000e+00]
   [  0.00000000e+00]
   [  0.00000000e+00]
   [  0.00000000e+00]
   [  0.00000000e+00]
   [  0.00000000e+00]
   [  0.00000000e+00]
   [  1.48000000e-02]
   [  1.48999998e-02]
   [  1.49999997e-02]
   [  1.51000004e-02]
   [  1.51000004e-02]
   [  1.52000003e-02]
   [  1.53000001e-02]
   [  1.53999999e-02]
   [  1.53999999e-02]
   [  1.54999997e-02]
   [  7.89000019e-02]
   [  7.95999989e-02]
   [  0.00000000e+00]
   [  0.00000000e+00]
   [  0.00000000e+00]
   [  0.00000000e+00]
   [  0.00000000e+00]
   [  0.00000000e+00]
   [  0.00000000e+00]
   [  0.00000000e+00]
   [  0.00000000e+00]
   [  0.00000000e+00]
   [  0.00000000e+00]
   [  0.00000000e+00]
   [  0.00000000e+00]
   [  0.00000000e+00]
   [  0.00000000e+00]
   [  0.00000000e+00]
   [  0.00000000e+00]
   [  0.00000000e+00]]]


 [[[  0.00000000e+00]
   [  0.00000000e+00]
   [  0.00000000e+00]
   [  0.00000000e+00]
   [  0.00000000e+00]
   [  0.00000000e+00]
   [  0.00000000e+00]
   [  0.00000000e+00]
   [  0.00000000e+00]
   [  0.00000000e+00]
   [  0.00000000e+00]
   [  0.00000000e+00]
   [  0.00000000e+00]
   [  0.00000000e+00]
   [  0.00000000e+00]
   [  0.00000000e+00]
   [  0.00000000e+00]
   [  0.00000000e+00]
   [  0.00000000e+00]
   [  0.00000000e+00]
   [  2.21999995e-02]
   [  2.23999992e-02]
   [  2.25000009e-02]
   [  2.26000007e-02]
   [  2.27000006e-02]
   [  2.28000004e-02]
   [  2.29000002e-02]
   [  2.30000000e-02]
   [  2.31999997e-02]
   [  2.32999995e-02]
   [  1.18299998e-01]
   [  1.19499996e-01]
   [  0.00000000e+00]
   [  0.00000000e+00]
   [  0.00000000e+00]
   [  0.00000000e+00]
   [  0.00000000e+00]
   [  0.00000000e+00]
   [  0.00000000e+00]
   [  0.00000000e+00]
   [  0.00000000e+00]
   [  0.00000000e+00]
   [  0.00000000e+00]
   [  0.00000000e+00]
   [  0.00000000e+00]
   [  0.00000000e+00]
   [  0.00000000e+00]
   [  0.00000000e+00]
   [  0.00000000e+00]
   [  0.00000000e+00]]]


 [[[  0.00000000e+00]
   [  0.00000000e+00]
   [  0.00000000e+00]
   [  0.00000000e+00]
   [  0.00000000e+00]
   [  0.00000000e+00]
   [  0.00000000e+00]
   [  0.00000000e+00]
   [  0.00000000e+00]
   [  0.00000000e+00]
   [  0.00000000e+00]
   [  0.00000000e+00]
   [  0.00000000e+00]
   [  0.00000000e+00]
   [  0.00000000e+00]
   [  0.00000000e+00]
   [  0.00000000e+00]
   [  0.00000000e+00]
   [  2.45999992e-02]
   [  7.22000003e-02]
   [  1.65500000e-01]
   [  2.30800003e-01]
   [  1.48699999e-01]
   [  0.00000000e+00]
   [  0.00000000e+00]
   [  0.00000000e+00]
   [  0.00000000e+00]
   [  0.00000000e+00]
   [  9.99999975e-05]
   [  1.99999995e-04]
   [  3.00000014e-04]
   [  3.00000014e-04]
   [  3.00000014e-04]
   [  3.00000014e-04]
   [  3.00000014e-04]
   [  1.99999995e-04]
   [  1.99999995e-04]
   [  0.00000000e+00]
   [  0.00000000e+00]
   [  0.00000000e+00]
   [  0.00000000e+00]
   [  0.00000000e+00]
   [  0.00000000e+00]
   [  0.00000000e+00]
   [  0.00000000e+00]
   [  0.00000000e+00]
   [  0.00000000e+00]
   [  0.00000000e+00]
   [  0.00000000e+00]
   [  0.00000000e+00]]]]
[ 180.          173.02960205  167.2375946   161.49299622  155.76229858
  150.0375061   144.3157959   138.59599304  132.87719727  127.15920258
  121.44180298  115.72470093  110.00789642  104.29119873   98.5746994
   92.85820007   87.14179993   81.4253006    75.70880127   69.99210358
   64.27529907   58.55820084   52.84069824   47.12279892   41.40399933
   35.68420029   29.96249962   24.23769951   18.50699997   12.76239967
    6.97039986    0.        ]
[[  3.477     ]
 [  3.477     ]
 [  3.477     ]
 [ 16.45700073]]
[[1]
 [2]
 [3]
 [4]]
[[ 0.1       ]
 [ 0.2       ]
 [ 0.30000001]
 [ 0.50849998]]
[[1]
 [1]
 [1]
 [1]]
[[  6.        ]
 [  0.        ]
 [  6.        ]
 [ 11.90400028]]
[[[  2677.5          2725.           2775.           2825.           2875.
     2925.           2975.           3025.           3075.           3125.
     3175.           3225.           3275.           3325.           3375.
     3425.           3475.           3525.           3575.           3625.
     3700.           3800.           3900.           4000.           4100.
     4200.           4300.           4400.           4500.           4600.
     4900.           5400.           5900.           6400.           6900.
     7400.           7900.           8400.           8900.           9400.
     9900.          10400.          10900.          11400.          11900.
    12400.          13150.          14150.          15150.          16150.        ]]

 [[  2677.5          2725.           2775.           2825.           2875.
     2925.           2975.           3025.           3075.           3125.
     3175.           3225.           3275.           3325.           3375.
     3425.           3475.           3525.           3575.           3625.
     3700.           3800.           3900.           4000.           4100.
     4200.           4300.           4400.           4500.           4600.
     4900.           5400.           5900.           6400.           6900.
     7400.           7900.           8400.           8900.           9400.
     9900.          10400.          10900.          11400.          11900.
    12400.          13150.          14150.          15150.          16150.        ]]

 [[  2677.5          2725.           2775.           2825.           2875.
     2925.           2975.           3025.           3075.           3125.
     3175.           3225.           3275.           3325.           3375.
     3425.           3475.           3525.           3575.           3625.
     3700.           3800.           3900.           4000.           4100.
     4200.           4300.           4400.           4500.           4600.
     4900.           5400.           5900.           6400.           6900.
     7400.           7900.           8400.           8900.           9400.
     9900.          10400.          10900.          11400.          11900.
    12400.          13150.          14150.          15150.          16150.        ]]

 [[   620.43499756    645.33502197    681.46502686    729.17498779
      788.81500244    860.71002197    945.20001221   1042.63000488
     1153.33496094   1277.64001465   1415.88000488   1568.39501953
     1735.49499512   1917.51000977   2114.76000977   2327.55493164
     2556.20996094   2801.02490234   3062.30493164   3340.34008789
     3635.4152832    3947.81005859   4277.78515625   4625.58984375
     4991.47509766   5375.66503906   5778.35498047   6199.74023438
     6639.97998047   7099.20019531   7577.49023438   8074.91015625
     8591.47460938   9127.11523438   9681.70996094  10255.05957031
    10846.85546875  11477.23046875  12159.8203125   12877.6796875
    13620.71484375  14389.28515625  15183.75        16004.46582031
    16851.78515625  17726.0703125   18627.6796875   19556.96484375
    20514.28515625  21500.        ]]]
[[ 0.]
 [ 0.]
 [ 0.]
 [ 0.]]
[[ 1.]
 [-1.]
 [ 0.]
 [ 0.]]
[ 35.]
[[ 0.    ]
 [ 0.    ]
 [ 0.    ]
 [ 0.0245]]
[[[[  1.50000001e-03]
   [  1.59999996e-03]
   [  1.59999996e-03]
   [  1.50000001e-03]
   [  1.50000001e-03]
   [  1.50000001e-03]
   [  1.50000001e-03]
   [  1.50000001e-03]
   [  1.39999995e-03]
   [  1.39999995e-03]
   [  1.39999995e-03]
   [  1.39999995e-03]
   [  1.30000000e-03]
   [  1.30000000e-03]
   [  1.30000000e-03]
   [  1.30000000e-03]
   [  1.30000000e-03]
   [  1.20000006e-03]
   [  1.20000006e-03]
   [  1.20000006e-03]
   [  2.49999994e-03]
   [  2.40000011e-03]
   [  2.30000005e-03]
   [  2.30000005e-03]
   [  2.19999999e-03]
   [  2.19999999e-03]
   [  2.09999993e-03]
   [  2.00000009e-03]
   [  2.00000009e-03]
   [  1.90000003e-03]
   [  8.70000012e-03]
   [  7.40000000e-03]
   [  6.20000018e-03]
   [  5.29999984e-03]
   [  4.69999993e-03]
   [  4.19999985e-03]
   [  3.80000006e-03]
   [  3.40000005e-03]
   [  3.00000003e-03]
   [  2.60000001e-03]
   [  2.09999993e-03]
   [  1.79999997e-03]
   [  1.50000001e-03]
   [  1.30000000e-03]
   [  1.09999999e-03]
   [  8.99999985e-04]
   [  1.50000001e-03]
   [  1.09999999e-03]
   [  7.99999980e-04]
   [  6.00000028e-04]]]


 [[[  1.50000001e-03]
   [  1.59999996e-03]
   [  1.59999996e-03]
   [  1.50000001e-03]
   [  1.50000001e-03]
   [  1.50000001e-03]
   [  1.50000001e-03]
   [  1.50000001e-03]
   [  1.39999995e-03]
   [  1.39999995e-03]
   [  1.39999995e-03]
   [  1.39999995e-03]
   [  1.30000000e-03]
   [  1.30000000e-03]
   [  1.30000000e-03]
   [  1.30000000e-03]
   [  1.30000000e-03]
   [  1.20000006e-03]
   [  1.20000006e-03]
   [  1.20000006e-03]
   [  2.49999994e-03]
   [  2.40000011e-03]
   [  2.30000005e-03]
   [  2.30000005e-03]
   [  2.19999999e-03]
   [  2.19999999e-03]
   [  2.09999993e-03]
   [  2.00000009e-03]
   [  2.00000009e-03]
   [  1.90000003e-03]
   [  8.70000012e-03]
   [  7.40000000e-03]
   [  6.20000018e-03]
   [  5.29999984e-03]
   [  4.69999993e-03]
   [  4.19999985e-03]
   [  3.80000006e-03]
   [  3.40000005e-03]
   [  3.00000003e-03]
   [  2.60000001e-03]
   [  2.09999993e-03]
   [  1.79999997e-03]
   [  1.50000001e-03]
   [  1.30000000e-03]
   [  1.09999999e-03]
   [  8.99999985e-04]
   [  1.50000001e-03]
   [  1.09999999e-03]
   [  7.99999980e-04]
   [  6.00000028e-04]]]


 [[[  1.50000001e-03]
   [  1.59999996e-03]
   [  1.59999996e-03]
   [  1.50000001e-03]
   [  1.50000001e-03]
   [  1.50000001e-03]
   [  1.50000001e-03]
   [  1.50000001e-03]
   [  1.39999995e-03]
   [  1.39999995e-03]
   [  1.39999995e-03]
   [  1.39999995e-03]
   [  1.30000000e-03]
   [  1.30000000e-03]
   [  1.30000000e-03]
   [  1.30000000e-03]
   [  1.30000000e-03]
   [  1.20000006e-03]
   [  1.20000006e-03]
   [  1.20000006e-03]
   [  2.49999994e-03]
   [  2.40000011e-03]
   [  2.30000005e-03]
   [  2.30000005e-03]
   [  2.19999999e-03]
   [  2.19999999e-03]
   [  2.09999993e-03]
   [  2.00000009e-03]
   [  2.00000009e-03]
   [  1.90000003e-03]
   [  8.70000012e-03]
   [  7.40000000e-03]
   [  6.20000018e-03]
   [  5.29999984e-03]
   [  4.69999993e-03]
   [  4.19999985e-03]
   [  3.80000006e-03]
   [  3.40000005e-03]
   [  3.00000003e-03]
   [  2.60000001e-03]
   [  2.09999993e-03]
   [  1.79999997e-03]
   [  1.50000001e-03]
   [  1.30000000e-03]
   [  1.09999999e-03]
   [  8.99999985e-04]
   [  1.50000001e-03]
   [  1.09999999e-03]
   [  7.99999980e-04]
   [  6.00000028e-04]]]


 [[[  1.50000001e-03]
   [  2.30000005e-03]
   [  3.10000009e-03]
   [  3.89999989e-03]
   [  4.60000010e-03]
   [  5.29999984e-03]
   [  5.90000022e-03]
   [  6.59999996e-03]
   [  7.49999983e-03]
   [  8.29999987e-03]
   [  9.20000020e-03]
   [  9.89999995e-03]
   [  1.04000000e-02]
   [  1.07000005e-02]
   [  1.09000001e-02]
   [  1.09999999e-02]
   [  1.11999996e-02]
   [  1.14000002e-02]
   [  1.14000002e-02]
   [  1.10999998e-02]
   [  1.07000005e-02]
   [  1.00999996e-02]
   [  9.30000003e-03]
   [  8.20000004e-03]
   [  7.19999988e-03]
   [  6.39999984e-03]
   [  5.79999993e-03]
   [  5.49999997e-03]
   [  5.10000018e-03]
   [  4.80000023e-03]
   [  4.30000015e-03]
   [  4.00000019e-03]
   [  3.70000000e-03]
   [  3.40000005e-03]
   [  3.10000009e-03]
   [  2.89999996e-03]
   [  2.49999994e-03]
   [  2.19999999e-03]
   [  1.79999997e-03]
   [  1.50000001e-03]
   [  1.20000006e-03]
   [  1.00000005e-03]
   [  7.99999980e-04]
   [  6.00000028e-04]
   [  5.00000024e-04]
   [  3.99999990e-04]
   [  3.00000014e-04]
   [  1.99999995e-04]
   [  9.99999975e-05]
   [  9.99999975e-05]]]]
[[ 0.    ]
 [ 0.    ]
 [ 0.    ]
 [ 0.0146]]
[[ 50.        ]
 [  0.        ]
 [ 50.        ]
 [ 49.95999908]]
[[ 0.        ]
 [ 0.        ]
 [ 0.        ]
 [ 0.71740001]]
[[[[ -9.99900000e+03]
   [ -9.99900000e+03]
   [ -9.99900000e+03]
   [ -9.99900000e+03]
   [ -9.99900000e+03]
   [ -9.99900000e+03]
   [ -9.99900000e+03]
   [ -9.99900000e+03]
   [ -9.99900000e+03]
   [ -9.99900000e+03]
   [ -9.99900000e+03]
   [ -9.99900000e+03]
   [ -9.99900000e+03]
   [ -9.99900000e+03]
   [ -9.99900000e+03]
   [ -9.99900000e+03]
   [ -9.99900000e+03]
   [ -9.99900000e+03]
   [ -9.99900000e+03]
   [ -9.99900000e+03]
   [ -3.11627000e+01]
   [ -3.11627000e+01]
   [ -3.11627000e+01]
   [ -3.11627000e+01]
   [ -3.11627000e+01]
   [ -3.11627000e+01]
   [ -3.11627000e+01]
   [ -3.11627000e+01]
   [ -3.11627000e+01]
   [ -3.11627000e+01]
   [ -3.11627000e+01]
   [ -3.11627000e+01]
   [ -9.99900000e+03]
   [ -9.99900000e+03]
   [ -9.99900000e+03]
   [ -9.99900000e+03]
   [ -9.99900000e+03]
   [ -9.99900000e+03]
   [ -9.99900000e+03]
   [ -9.99900000e+03]
   [ -9.99900000e+03]
   [ -9.99900000e+03]
   [ -9.99900000e+03]
   [ -9.99900000e+03]
   [ -9.99900000e+03]
   [ -9.99900000e+03]
   [ -9.99900000e+03]
   [ -9.99900000e+03]
   [ -9.99900000e+03]
   [ -9.99900000e+03]]]


 [[[ -9.99900000e+03]
   [ -9.99900000e+03]
   [ -9.99900000e+03]
   [ -9.99900000e+03]
   [ -9.99900000e+03]
   [ -9.99900000e+03]
   [ -9.99900000e+03]
   [ -9.99900000e+03]
   [ -9.99900000e+03]
   [ -9.99900000e+03]
   [ -9.99900000e+03]
   [ -9.99900000e+03]
   [ -9.99900000e+03]
   [ -9.99900000e+03]
   [ -9.99900000e+03]
   [ -9.99900000e+03]
   [ -9.99900000e+03]
   [ -9.99900000e+03]
   [ -9.99900000e+03]
   [ -9.99900000e+03]
   [ -2.81522000e+01]
   [ -2.81522000e+01]
   [ -2.81522000e+01]
   [ -2.81522000e+01]
   [ -2.81522000e+01]
   [ -2.81521000e+01]
   [ -2.81521000e+01]
   [ -2.81521000e+01]
   [ -2.81521000e+01]
   [ -2.81521000e+01]
   [ -2.81521000e+01]
   [ -2.81521000e+01]
   [ -9.99900000e+03]
   [ -9.99900000e+03]
   [ -9.99900000e+03]
   [ -9.99900000e+03]
   [ -9.99900000e+03]
   [ -9.99900000e+03]
   [ -9.99900000e+03]
   [ -9.99900000e+03]
   [ -9.99900000e+03]
   [ -9.99900000e+03]
   [ -9.99900000e+03]
   [ -9.99900000e+03]
   [ -9.99900000e+03]
   [ -9.99900000e+03]
   [ -9.99900000e+03]
   [ -9.99900000e+03]
   [ -9.99900000e+03]
   [ -9.99900000e+03]]]


 [[[ -9.99900000e+03]
   [ -9.99900000e+03]
   [ -9.99900000e+03]
   [ -9.99900000e+03]
   [ -9.99900000e+03]
   [ -9.99900000e+03]
   [ -9.99900000e+03]
   [ -9.99900000e+03]
   [ -9.99900000e+03]
   [ -9.99900000e+03]
   [ -9.99900000e+03]
   [ -9.99900000e+03]
   [ -9.99900000e+03]
   [ -9.99900000e+03]
   [ -9.99900000e+03]
   [ -9.99900000e+03]
   [ -9.99900000e+03]
   [ -9.99900000e+03]
   [ -9.99900000e+03]
   [ -9.99900000e+03]
   [ -2.63910000e+01]
   [ -2.63910000e+01]
   [ -2.63910000e+01]
   [ -2.63910000e+01]
   [ -2.63910000e+01]
   [ -2.63910000e+01]
   [ -2.63910000e+01]
   [ -2.63909000e+01]
   [ -2.63909000e+01]
   [ -2.63909000e+01]
   [ -2.63909000e+01]
   [ -2.63908000e+01]
   [ -9.99900000e+03]
   [ -9.99900000e+03]
   [ -9.99900000e+03]
   [ -9.99900000e+03]
   [ -9.99900000e+03]
   [ -9.99900000e+03]
   [ -9.99900000e+03]
   [ -9.99900000e+03]
   [ -9.99900000e+03]
   [ -9.99900000e+03]
   [ -9.99900000e+03]
   [ -9.99900000e+03]
   [ -9.99900000e+03]
   [ -9.99900000e+03]
   [ -9.99900000e+03]
   [ -9.99900000e+03]
   [ -9.99900000e+03]
   [ -9.99900000e+03]]]


 [[[ -9.99900000e+03]
   [ -9.99900000e+03]
   [ -9.99900000e+03]
   [ -9.99900000e+03]
   [ -9.99900000e+03]
   [ -9.99900000e+03]
   [ -9.99900000e+03]
   [ -9.99900000e+03]
   [ -9.99900000e+03]
   [ -9.99900000e+03]
   [ -9.99900000e+03]
   [ -9.99900000e+03]
   [ -9.99900000e+03]
   [ -9.99900000e+03]
   [ -9.99900000e+03]
   [ -9.99900000e+03]
   [ -9.99900000e+03]
   [ -2.31851000e+01]
   [ -8.18420000e+00]
   [ -8.89300000e-01]
   [  3.45160000e+00]
   [  3.16250000e+00]
   [ -4.56870000e+00]
   [ -3.15826000e+01]
   [ -9.99900000e+03]
   [ -9.99900000e+03]
   [ -2.04357000e+01]
   [ -7.05810000e+00]
   [ -1.00080000e+00]
   [  1.59800000e+00]
   [  3.06420000e+00]
   [  3.40710000e+00]
   [  4.01160000e+00]
   [  4.34370000e+00]
   [  3.75860000e+00]
   [  2.96230000e+00]
   [  3.42540000e+00]
   [ -1.32816000e+01]
   [ -9.99900000e+03]
   [ -9.99900000e+03]
   [ -9.99900000e+03]
   [ -9.99900000e+03]
   [ -9.99900000e+03]
   [ -9.99900000e+03]
   [ -9.99900000e+03]
   [ -9.99900000e+03]
   [ -9.99900000e+03]
   [ -9.99900000e+03]
   [ -9.99900000e+03]
   [ -9.99900000e+03]]]]
[[[[[[ 249.4651  249.4651]]

    [[ 249.4687  249.4687]]

    [[ 249.4771  249.4771]]

    [[ 249.4908  249.4908]]

    [[ 249.5104  249.5104]]

    [[ 249.5368  249.5368]]

    [[ 249.5714  249.5714]]

    [[ 249.6162  249.6162]]

    [[ 249.6743  249.6743]]

    [[ 249.7499  249.7499]]

    [[ 249.8497  249.8497]]

    [[ 249.9838  249.9838]]

    [[ 250.1667  250.1667]]

    [[ 250.4093  250.4093]]

    [[ 250.6048  250.6048]]

    [[ 247.9081  247.9081]]

    [[   2.73      2.73  ]]

    [[   2.73      2.73  ]]

    [[   2.73      2.73  ]]

    [[   2.73      2.73  ]]

    [[   2.73      2.73  ]]

    [[   2.73      2.73  ]]

    [[   2.73      2.73  ]]

    [[   2.73      2.73  ]]

    [[   2.73      2.73  ]]

    [[   2.73      2.73  ]]

    [[   2.73      2.73  ]]

    [[   2.73      2.73  ]]

    [[   2.73      2.73  ]]

    [[   2.73      2.73  ]]

    [[   2.73      2.73  ]]

    [[   2.73      2.73  ]]]


   [[[ 249.611   249.611 ]]

    [[ 249.616   249.616 ]]

    [[ 249.6278  249.6278]]

    [[ 249.6472  249.6472]]

    [[ 249.675   249.675 ]]

    [[ 249.713   249.713 ]]

    [[ 249.7634  249.7634]]

    [[ 249.8301  249.8301]]

    [[ 249.9185  249.9185]]

    [[ 250.0378  250.0378]]

    [[ 250.2034  250.2034]]

    [[ 250.4437  250.4437]]

    [[ 250.8166  250.8166]]

    [[ 251.4618  251.4618]]

    [[ 252.8184  252.8184]]

    [[ 257.1477  257.1477]]

    [[ 178.0934  178.0934]]

    [[  85.7879   85.7879]]

    [[  56.8626   56.8626]]

    [[  43.1052   43.1052]]

    [[  35.1538   35.1538]]

    [[  30.0303   30.0303]]

    [[  26.4981   26.4981]]

    [[  23.9533   23.9533]]

    [[  22.067    22.067 ]]

    [[  20.6458   20.6458]]

    [[  19.5691   19.5691]]

    [[  18.7594   18.7594]]

    [[  18.1652   18.1652]]

    [[  17.7525   17.7525]]

    [[  17.4993   17.4993]]

    [[  17.3939   17.3939]]]]]




 [[[[[ 174.3829  174.3829]]

    [[ 174.4947  174.4947]]

    [[ 174.7625  174.7625]]

    [[ 175.1978  175.1978]]

    [[ 175.8213  175.8213]]

    [[ 176.6651  176.6651]]

    [[ 177.7765  177.7765]]

    [[ 179.2255  179.2255]]

    [[ 181.1167  181.1167]]

    [[ 183.6109  183.6109]]

    [[ 186.9657  186.9657]]

    [[ 191.6142  191.6142]]

    [[ 198.3332  198.3332]]

    [[ 208.6039  208.6039]]

    [[ 225.1306  225.1306]]

    [[ 244.102   244.102 ]]

    [[   2.73      2.73  ]]

    [[   2.73      2.73  ]]

    [[   2.73      2.73  ]]

    [[   2.73      2.73  ]]

    [[   2.73      2.73  ]]

    [[   2.73      2.73  ]]

    [[   2.73      2.73  ]]

    [[   2.73      2.73  ]]

    [[   2.73      2.73  ]]

    [[   2.73      2.73  ]]

    [[   2.73      2.73  ]]

    [[   2.73      2.73  ]]

    [[   2.73      2.73  ]]

    [[   2.73      2.73  ]]

    [[   2.73      2.73  ]]

    [[   2.73      2.73  ]]]


   [[[ 166.8532  166.8532]]

    [[ 166.9178  166.9178]]

    [[ 167.0727  167.0727]]

    [[ 167.3251  167.3251]]

    [[ 167.6881  167.6881]]

    [[ 168.1819  168.1819]]

    [[ 168.8369  168.8369]]

    [[ 169.6989  169.6989]]

    [[ 170.8382  170.8382]]

    [[ 172.3666  172.3666]]

    [[ 174.4715  174.4715]]

    [[ 177.4902  177.4902]]

    [[ 182.093   182.093 ]]

    [[ 189.8169  189.8169]]

    [[ 205.0288  205.0288]]

    [[ 243.1245  243.1245]]

    [[ 216.2543  216.2543]]

    [[ 121.0146  121.0146]]

    [[  82.9842   82.9841]]

    [[  63.6738   63.6738]]

    [[  52.1659   52.1659]]

    [[  44.6185   44.6185]]

    [[  39.3555   39.3555]]

    [[  35.5339   35.5339]]

    [[  32.6851   32.6851]]

    [[  30.5295   30.5295]]

    [[  28.8916   28.8916]]

    [[  27.6569   27.6569]]

    [[  26.7492   26.7492]]

    [[  26.1179   26.1179]]

    [[  25.7304   25.7304]]

    [[  25.5689   25.5689]]]]]




 [[[[[ 171.7643  171.7643]]

    [[ 172.5002  171.4539]]

    [[ 174.2407  170.7308]]

    [[ 177.0025  169.6162]]

    [[ 180.817   168.1443]]

    [[ 185.7193  166.3719]]

    [[ 191.7363  164.3889]]

    [[ 198.8623  162.3358]]

    [[ 207.0106  160.4278]]

    [[ 215.9144  158.9909]]

    [[ 224.9219  158.5111]]

    [[ 232.5649  159.6887]]

    [[ 235.6775  163.4526]]

    [[ 242.5707  180.0951]]

    [[ 243.9196  211.4745]]

    [[ 244.2043  243.4484]]

    [[   2.73      2.73  ]]

    [[   2.73      2.73  ]]

    [[   2.73      2.73  ]]

    [[   2.73      2.73  ]]

    [[   2.73      2.73  ]]

    [[   2.73      2.73  ]]

    [[   2.73      2.73  ]]

    [[   2.73      2.73  ]]

    [[   2.73      2.73  ]]

    [[   2.73      2.73  ]]

    [[   2.73      2.73  ]]

    [[   2.73      2.73  ]]

    [[   2.73      2.73  ]]

    [[   2.73      2.73  ]]

    [[   2.73      2.73  ]]

    [[   2.73      2.73  ]]]


   [[[ 160.845   160.845 ]]

    [[ 161.5996  160.4034]]

    [[ 163.3879  159.3655]]

    [[ 166.2351  157.7371]]

    [[ 170.1875  155.5256]]

    [[ 175.303   152.7465]]

    [[ 181.6409  149.43  ]]

    [[ 189.24    145.6299]]

    [[ 198.069   141.4343]]

    [[ 207.9152  136.9768]]

    [[ 218.1228  132.4331]]

    [[ 226.9427  127.9482]]

    [[ 229.7756  123.2528]]

    [[ 238.8123  131.7554]]

    [[ 239.2003  160.0587]]

    [[ 246.7027  235.8292]]

    [[ 235.1691  235.1691]]

    [[ 148.8092  148.8092]]

    [[ 105.6189  105.6189]]

    [[  82.2217   82.2217]]

    [[  67.846    67.8459]]

    [[  58.2494   58.2494]]

    [[  51.4807   51.4807]]

    [[  46.5268   46.5268]]

    [[  42.8129   42.8129]]

    [[  39.991    39.991 ]]

    [[  37.8399   37.8399]]

    [[  36.2145   36.2145]]

    [[  35.0174   35.0174]]

    [[  34.1839   34.1839]]

    [[  33.6719   33.6719]]

    [[  33.4583   33.4583]]]]]




 [[[[[ 179.8248  179.8248]]

    [[ 180.5847  179.7085]]

    [[ 182.3843  179.4526]]

    [[ 185.2465  179.1014]]

    [[ 189.213   178.7291]]

    [[ 194.3337  178.4488]]

    [[ 200.6562  178.4249]]

    [[ 208.2036  178.891 ]]

    [[ 216.932   180.1746]]

    [[ 226.6449  182.7278]]

    [[ 236.8235  187.1592]]

    [[ 246.3001  194.241 ]]

    [[ 252.7117  204.802 ]]

    [[ 261.4576  223.8322]]

    [[ 262.8008  247.7549]]

    [[ 254.3576  254.15  ]]

    [[   2.73      2.73  ]]

    [[   2.73      2.73  ]]

    [[   2.73      2.73  ]]

    [[   2.73      2.73  ]]

    [[   2.73      2.73  ]]

    [[   2.73      2.73  ]]

    [[   2.73      2.73  ]]

    [[   2.73      2.73  ]]

    [[   2.73      2.73  ]]

    [[   2.73      2.73  ]]

    [[   2.73      2.73  ]]

    [[   2.73      2.73  ]]

    [[   2.73      2.73  ]]

    [[   2.73      2.73  ]]

    [[   2.73      2.73  ]]

    [[   2.73      2.73  ]]]


   [[[ 160.5334  160.5334]]

    [[ 161.3129  160.2314]]

    [[ 163.1646  159.5322]]

    [[ 166.126   158.4656]]

    [[ 170.2645  157.08  ]]

    [[ 175.67    155.451 ]]

    [[ 182.4485  153.6929]]

    [[ 190.7074  151.9747]]

    [[ 200.518   150.5427]]

    [[ 211.8267  149.7515]]

    [[ 224.2407  150.0979]]

    [[ 236.4898  152.2275]]

    [[ 245.0152  156.7651]]

    [[ 261.6827  173.9554]]

    [[ 271.4405  210.4096]]

    [[ 276.5777  268.0481]]

    [[ 267.2287  267.2179]]

    [[ 201.5845  201.5689]]

    [[ 152.7427  152.7296]]

    [[ 122.5672  122.5567]]

    [[ 102.8195  102.8112]]

    [[  89.1437   89.1371]]

    [[  79.2654   79.2603]]

    [[  71.9154   71.9115]]

    [[  66.3394   66.3365]]

    [[  62.0652   62.063 ]]

    [[  58.7854   58.784 ]]

    [[  56.2948   56.2938]]

    [[  54.4538   54.4532]]

    [[  53.1684   53.1682]]

    [[  52.3775   52.3774]]

    [[  52.0473   52.0473]]]]]]
[[ 0.]
 [ 0.]
 [ 0.]
 [ 0.]]
