[[[[  0.00000000e+00]
   [  0.00000000e+00]
   [  0.00000000e+00]
   [  0.00000000e+00]
   [  0.00000000e+00]
   [  0.00000000e+00]
   [  0.00000000e+00]
   [  0.00000000e+00]
   [  0.00000000e+00]
   [  0.00000000e+00]
   [  0.00000000e+00]
   [  0.00000000e+00]
   [  0.00000000e+00]
   [  0.00000000e+00]
   [  0.00000000e+00]
   [  0.00000000e+00]
   [  0.00000000e+00]
   [  0.00000000e+00]
   [  0.00000000e+00]
   [  0.00000000e+00]
   [  7.40539143e-03]
   [  7.45428260e-03]
   [  7.49259535e-03]
   [  7.53102126e-03]
   [  7.56991236e-03]
   [  7.60730449e-03]
   [  7.64306867e-03]
   [  7.67725799e-03]
   [  7.71977194e-03]
   [  7.76979048e-03]
   [  3.94417867e-02]
   [  3.98097113e-02]
   [  0.00000000e+00]
   [  0.00000000e+00]
   [  0.00000000e+00]
   [  0.00000000e+00]
   [  0.00000000e+00]
   [  0.00000000e+00]
   [  0.00000000e+00]
   [  0.00000000e+00]
   [  0.00000000e+00]
   [  0.00000000e+00]
   [  0.00000000e+00]
   [  0.00000000e+00]
   [  0.00000000e+00]
   [  0.00000000e+00]
   [  0.00000000e+00]
   [  0.00000000e+00]
   [  0.00000000e+00]
   [  0.00000000e+00]]]


 [[[  0.00000000e+00]
   [  0.00000000e+00]
   [  0.00000000e+00]
   [  0.00000000e+00]
   [  0.00000000e+00]
   [  0.00000000e+00]
   [  0.00000000e+00]
   [  0.00000000e+00]
   [  0.00000000e+00]
   [  0.00000000e+00]
   [  0.00000000e+00]
   [  0.00000000e+00]
   [  0.00000000e+00]
   [  0.00000000e+00]
   [  0.00000000e+00]
   [  0.00000000e+00]
   [  0.00000000e+00]
   [  0.00000000e+00]
   [  0.00000000e+00]
   [  0.00000000e+00]
   [  1.48107829e-02]
   [  1.49085652e-02]
   [  1.49851907e-02]
   [  1.50620425e-02]
   [  1.51398247e-02]
   [  1.52146090e-02]
   [  1.52861373e-02]
   [  1.53545160e-02]
   [  1.54395439e-02]
   [  1.55395810e-02]
   [  7.88835734e-02]
   [  7.96194226e-02]
   [  0.00000000e+00]
   [  0.00000000e+00]
   [  0.00000000e+00]
   [  0.00000000e+00]
   [  0.00000000e+00]
   [  0.00000000e+00]
   [  0.00000000e+00]
   [  0.00000000e+00]
   [  0.00000000e+00]
   [  0.00000000e+00]
   [  0.00000000e+00]
   [  0.00000000e+00]
   [  0.00000000e+00]
   [  0.00000000e+00]
   [  0.00000000e+00]
   [  0.00000000e+00]
   [  0.00000000e+00]
   [  0.00000000e+00]]]


 [[[  0.00000000e+00]
   [  0.00000000e+00]
   [  0.00000000e+00]
   [  0.00000000e+00]
   [  0.00000000e+00]
   [  0.00000000e+00]
   [  0.00000000e+00]
   [  0.00000000e+00]
   [  0.00000000e+00]
   [  0.00000000e+00]
   [  0.00000000e+00]
   [  0.00000000e+00]
   [  0.00000000e+00]
   [  0.00000000e+00]
   [  0.00000000e+00]
   [  0.00000000e+00]
   [  0.00000000e+00]
   [  0.00000000e+00]
   [  0.00000000e+00]
   [  0.00000000e+00]
   [  2.22161748e-02]
   [  2.23628487e-02]
   [  2.24777870e-02]
   [  2.25930642e-02]
   [  2.27097385e-02]
   [  2.28219163e-02]
   [  2.29292065e-02]
   [  2.30317749e-02]
   [  2.31593177e-02]
   [  2.33093724e-02]
   [  1.18325360e-01]
   [  1.19429141e-01]
   [  0.00000000e+00]
   [  0.00000000e+00]
   [  0.00000000e+00]
   [  0.00000000e+00]
   [  0.00000000e+00]
   [  0.00000000e+00]
   [  0.00000000e+00]
   [  0.00000000e+00]
   [  0.00000000e+00]
   [  0.00000000e+00]
   [  0.00000000e+00]
   [  0.00000000e+00]
   [  0.00000000e+00]
   [  0.00000000e+00]
   [  0.00000000e+00]
   [  0.00000000e+00]
   [  0.00000000e+00]
   [  0.00000000e+00]]]


 [[[  0.00000000e+00]
   [  0.00000000e+00]
   [  0.00000000e+00]
   [  0.00000000e+00]
   [  0.00000000e+00]
   [  0.00000000e+00]
   [  0.00000000e+00]
   [  0.00000000e+00]
   [  0.00000000e+00]
   [  0.00000000e+00]
   [  0.00000000e+00]
   [  0.00000000e+00]
   [  0.00000000e+00]
   [  0.00000000e+00]
   [  0.00000000e+00]
   [  0.00000000e+00]
   [  0.00000000e+00]
   [  0.00000000e+00]
   [  2.45666634e-02]
   [  7.21717700e-02]
   [  1.65381715e-01]
   [  2.30664849e-01]
   [  1.48626938e-01]
   [  0.00000000e+00]
   [  0.00000000e+00]
   [  0.00000000e+00]
   [  0.00000000e+00]
   [  9.53131821e-05]
   [  1.27281225e-03]
   [  5.36064431e-03]
   [  1.02275088e-02]
   [  1.14979809e-02]
   [  1.30620385e-02]
   [  1.38433333e-02]
   [  1.19199175e-02]
   [  9.61845461e-03]
   [  1.03140194e-02]
   [  2.66477116e-04]
   [  0.00000000e+00]
   [  0.00000000e+00]
   [  0.00000000e+00]
   [  0.00000000e+00]
   [  0.00000000e+00]
   [  0.00000000e+00]
   [  0.00000000e+00]
   [  0.00000000e+00]
   [  0.00000000e+00]
   [  0.00000000e+00]
   [  0.00000000e+00]
   [  0.00000000e+00]]]]
[ 180.          173.02957153  167.23764038  161.49299622  155.76226807
  150.0375061   144.31582642  138.59596252  132.87722778  127.15925598
  121.44180298  115.72471619  110.00788116  104.29122925   98.57469177
   92.85822296   87.14177704   81.42530823   75.70877075   69.99211884
   64.27528381   58.55819702   52.8407402    47.12276459   41.40403366
   35.68416977   29.96249962   24.23773575   18.5070076    12.76235962
    6.97042131    0.        ]
[[  3.47703052]
 [  3.47703052]
 [  3.47703052]
 [ 16.45700073]]
[[1]
 [2]
 [3]
 [4]]
[[ 0.1       ]
 [ 0.2       ]
 [ 0.30000001]
 [ 0.50845802]]
[[1]
 [1]
 [1]
 [1]]
[[  6.        ]
 [  0.        ]
 [  6.        ]
 [ 11.90400028]]
[[[  2677.5          2725.           2775.           2825.           2875.
     2925.           2975.           3025.           3075.           3125.
     3175.           3225.           3275.           3325.           3375.
     3425.           3475.           3525.           3575.           3625.
     3700.           3800.           3900.           4000.           4100.
     4200.           4300.           4400.           4500.           4600.
     4900.           5400.           5900.           6400.           6900.
     7400.           7900.           8400.           8900.           9400.
     9900.          10400.          10900.          11400.          11900.
    12400.          13150.          14150.          15150.          16150.        ]]

 [[  2677.5          2725.           2775.           2825.           2875.
     2925.           2975.           3025.           3075.           3125.
     3175.           3225.           3275.           3325.           3375.
     3425.           3475.           3525.           3575.           3625.
     3700.           3800.           3900.           4000.           4100.
     4200.           4300.           4400.           4500.           4600.
     4900.           5400.           5900.           6400.           6900.
     7400.           7900.           8400.           8900.           9400.
     9900.          10400.          10900.          11400.          11900.
    12400.          13150.          14150.          15150.          16150.        ]]

 [[  2677.5          2725.           2775.           2825.           2875.
     2925.           2975.           3025.           3075.           3125.
     3175.           3225.           3275.           3325.           3375.
     3425.           3475.           3525.           3575.           3625.
     3700.           3800.           3900.           4000.           4100.
     4200.           4300.           4400.           4500.           4600.
     4900.           5400.           5900.           6400.           6900.
     7400.           7900.           8400.           8900.           9400.
     9900.          10400.          10900.          11400.          11900.
    12400.          13150.          14150.          15150.          16150.        ]]

 [[   620.43499756    645.33502197    681.46502686    729.17498779
      788.81500244    860.71002197    945.20001221   1042.63000488
     1153.33496094   1277.64001465   1415.88000488   1568.39501953
     1735.49499512   1917.51000977   2114.76000977   2327.55493164
     2556.20996094   2801.02490234   3062.30493164   3340.34008789
     3635.41503906   3947.81005859   4277.78515625   4625.58984375
     4991.47509766   5375.66503906   5778.35498047   6199.74023438
     6639.97998047   7099.20019531   7577.49023438   8074.91015625
     8591.47460938   9127.11523438   9681.70996094  10255.05957031
    10846.85546875  11477.23046875  12159.8203125   12877.6796875
    13620.71484375  14389.28515625  15183.75        16004.46484375
    16851.78515625  17726.0703125   18627.6796875   19556.96484375
    20514.28515625  21500.        ]]]
[[  0.00000000e+00]
 [  0.00000000e+00]
 [  0.00000000e+00]
 [  1.57636896e-06]]
[[ 1.]
 [-1.]
 [ 0.]
 [ 0.]]
[ 35.]
[[ 0.      ]
 [ 0.      ]
 [ 0.      ]
 [ 0.024453]]
[[[[  1.45295425e-03]
   [  1.59165915e-03]
   [  1.56811322e-03]
   [  1.54534588e-03]
   [  1.52381731e-03]
   [  1.50300725e-03]
   [  1.48239359e-03]
   [  1.46205921e-03]
   [  1.44053600e-03]
   [  1.41649181e-03]
   [  1.39158615e-03]
   [  1.36729307e-03]
   [  1.34359766e-03]
   [  1.32047327e-03]
   [  1.29791221e-03]
   [  1.27589249e-03]
   [  1.25436217e-03]
   [  1.23332290e-03]
   [  1.21278886e-03]
   [  1.23354839e-03]
   [  2.48790346e-03]
   [  2.41409941e-03]
   [  2.34599714e-03]
   [  2.27946276e-03]
   [  2.21426878e-03]
   [  2.15110648e-03]
   [  2.08992208e-03]
   [  2.03061826e-03]
   [  1.96916913e-03]
   [  1.90567435e-03]
   [  8.65634345e-03]
   [  7.44055118e-03]
   [  6.22315379e-03]
   [  5.30406134e-03]
   [  4.72998945e-03]
   [  4.23394330e-03]
   [  3.78848263e-03]
   [  3.39129614e-03]
   [  2.99651921e-03]
   [  2.58252979e-03]
   [  2.14874861e-03]
   [  1.78133172e-03]
   [  1.52104709e-03]
   [  1.28216273e-03]
   [  1.06878486e-03]
   [  9.19058686e-04]
   [  1.49340590e-03]
   [  1.11306109e-03]
   [  8.27580690e-04]
   [  6.26029912e-04]]]


 [[[  1.45295425e-03]
   [  1.59165915e-03]
   [  1.56811322e-03]
   [  1.54534588e-03]
   [  1.52381731e-03]
   [  1.50300725e-03]
   [  1.48239359e-03]
   [  1.46205921e-03]
   [  1.44053600e-03]
   [  1.41649181e-03]
   [  1.39158615e-03]
   [  1.36729307e-03]
   [  1.34359766e-03]
   [  1.32047327e-03]
   [  1.29791221e-03]
   [  1.27589249e-03]
   [  1.25436217e-03]
   [  1.23332290e-03]
   [  1.21278886e-03]
   [  1.23354839e-03]
   [  2.48790346e-03]
   [  2.41409941e-03]
   [  2.34599714e-03]
   [  2.27946276e-03]
   [  2.21426878e-03]
   [  2.15110648e-03]
   [  2.08992208e-03]
   [  2.03061826e-03]
   [  1.96916913e-03]
   [  1.90567435e-03]
   [  8.65634345e-03]
   [  7.44055118e-03]
   [  6.22315379e-03]
   [  5.30406134e-03]
   [  4.72998945e-03]
   [  4.23394330e-03]
   [  3.78848263e-03]
   [  3.39129614e-03]
   [  2.99651921e-03]
   [  2.58252979e-03]
   [  2.14874861e-03]
   [  1.78133172e-03]
   [  1.52104709e-03]
   [  1.28216273e-03]
   [  1.06878486e-03]
   [  9.19058686e-04]
   [  1.49340590e-03]
   [  1.11306109e-03]
   [  8.27580690e-04]
   [  6.26029912e-04]]]


 [[[  1.45295425e-03]
   [  1.59165915e-03]
   [  1.56811322e-03]
   [  1.54534588e-03]
   [  1.52381731e-03]
   [  1.50300725e-03]
   [  1.48239359e-03]
   [  1.46205921e-03]
   [  1.44053600e-03]
   [  1.41649181e-03]
   [  1.39158615e-03]
   [  1.36729307e-03]
   [  1.34359766e-03]
   [  1.32047327e-03]
   [  1.29791221e-03]
   [  1.27589249e-03]
   [  1.25436217e-03]
   [  1.23332290e-03]
   [  1.21278886e-03]
   [  1.23354839e-03]
   [  2.48790346e-03]
   [  2.41409941e-03]
   [  2.34599714e-03]
   [  2.27946276e-03]
   [  2.21426878e-03]
   [  2.15110648e-03]
   [  2.08992208e-03]
   [  2.03061826e-03]
   [  1.96916913e-03]
   [  1.90567435e-03]
   [  8.65634345e-03]
   [  7.44055118e-03]
   [  6.22315379e-03]
   [  5.30406134e-03]
   [  4.72998945e-03]
   [  4.23394330e-03]
   [  3.78848263e-03]
   [  3.39129614e-03]
   [  2.99651921e-03]
   [  2.58252979e-03]
   [  2.14874861e-03]
   [  1.78133172e-03]
   [  1.52104709e-03]
   [  1.28216273e-03]
   [  1.06878486e-03]
   [  9.19058686e-04]
   [  1.49340590e-03]
   [  1.11306109e-03]
   [  8.27580690e-04]
   [  6.26029912e-04]]]


 [[[  1.48333237e-03]
   [  2.28628842e-03]
   [  3.11075686e-03]
   [  3.92205408e-03]
   [  4.64870408e-03]
   [  5.27967839e-03]
   [  5.91702946e-03]
   [  6.64020656e-03]
   [  7.46011455e-03]
   [  8.33967328e-03]
   [  9.20155086e-03]
   [  9.91970673e-03]
   [  1.04139103e-02]
   [  1.07096918e-02]
   [  1.08817983e-02]
   [  1.10263033e-02]
   [  1.12084346e-02]
   [  1.13834823e-02]
   [  1.13960747e-02]
   [  1.11377202e-02]
   [  1.06608095e-02]
   [  1.00758374e-02]
   [  9.29027423e-03]
   [  8.23902152e-03]
   [  7.17956852e-03]
   [  6.37342362e-03]
   [  5.84838912e-03]
   [  5.48170181e-03]
   [  5.13513898e-03]
   [  4.75337682e-03]
   [  4.34956606e-03]
   [  3.98333743e-03]
   [  3.67762987e-03]
   [  3.40365851e-03]
   [  3.13532096e-03]
   [  2.86226277e-03]
   [  2.53064837e-03]
   [  2.22806213e-03]
   [  1.83891319e-03]
   [  1.49715215e-03]
   [  1.22755289e-03]
   [  9.93965194e-04]
   [  7.93780258e-04]
   [  6.23396656e-04]
   [  4.77463094e-04]
   [  3.55013472e-04]
   [  2.59235938e-04]
   [  1.85329016e-04]
   [  1.26945524e-04]
   [  8.61169319e-05]]]]
[[ 0.        ]
 [ 0.        ]
 [ 0.        ]
 [ 0.01455767]]
[[ 50.        ]
 [  0.        ]
 [ 50.        ]
 [ 49.95999908]]
[[ 0.        ]
 [ 0.        ]
 [ 0.        ]
 [ 0.71740168]]
[[[[ -9.99900000e+03]
   [ -9.99900000e+03]
   [ -9.99900000e+03]
   [ -9.99900000e+03]
   [ -9.99900000e+03]
   [ -9.99900000e+03]
   [ -9.99900000e+03]
   [ -9.99900000e+03]
   [ -9.99900000e+03]
   [ -9.99900000e+03]
   [ -9.99900000e+03]
   [ -9.99900000e+03]
   [ -9.99900000e+03]
   [ -9.99900000e+03]
   [ -9.99900000e+03]
   [ -9.99900000e+03]
   [ -9.99900000e+03]
   [ -9.99900000e+03]
   [ -9.99900000e+03]
   [ -9.99900000e+03]
   [ -3.11629776e+01]
   [ -3.11629781e+01]
   [ -3.11629834e+01]
   [ -3.11629893e+01]
   [ -3.11629856e+01]
   [ -3.11629802e+01]
   [ -3.11629853e+01]
   [ -3.11629849e+01]
   [ -3.11629814e+01]
   [ -3.11629862e+01]
   [ -3.11629883e+01]
   [ -3.11629888e+01]
   [ -9.99900000e+03]
   [ -9.99900000e+03]
   [ -9.99900000e+03]
   [ -9.99900000e+03]
   [ -9.99900000e+03]
   [ -9.99900000e+03]
   [ -9.99900000e+03]
   [ -9.99900000e+03]
   [ -9.99900000e+03]
   [ -9.99900000e+03]
   [ -9.99900000e+03]
   [ -9.99900000e+03]
   [ -9.99900000e+03]
   [ -9.99900000e+03]
   [ -9.99900000e+03]
   [ -9.99900000e+03]
   [ -9.99900000e+03]
   [ -9.99900000e+03]]]


 [[[ -9.99900000e+03]
   [ -9.99900000e+03]
   [ -9.99900000e+03]
   [ -9.99900000e+03]
   [ -9.99900000e+03]
   [ -9.99900000e+03]
   [ -9.99900000e+03]
   [ -9.99900000e+03]
   [ -9.99900000e+03]
   [ -9.99900000e+03]
   [ -9.99900000e+03]
   [ -9.99900000e+03]
   [ -9.99900000e+03]
   [ -9.99900000e+03]
   [ -9.99900000e+03]
   [ -9.99900000e+03]
   [ -9.99900000e+03]
   [ -9.99900000e+03]
   [ -9.99900000e+03]
   [ -9.99900000e+03]
   [ -2.81526776e+01]
   [ -2.81526781e+01]
   [ -2.81526835e+01]
   [ -2.81526894e+01]
   [ -2.81526856e+01]
   [ -2.81526802e+01]
   [ -2.81526853e+01]
   [ -2.81526850e+01]
   [ -2.81526814e+01]
   [ -2.81526862e+01]
   [ -2.81526883e+01]
   [ -2.81526888e+01]
   [ -9.99900000e+03]
   [ -9.99900000e+03]
   [ -9.99900000e+03]
   [ -9.99900000e+03]
   [ -9.99900000e+03]
   [ -9.99900000e+03]
   [ -9.99900000e+03]
   [ -9.99900000e+03]
   [ -9.99900000e+03]
   [ -9.99900000e+03]
   [ -9.99900000e+03]
   [ -9.99900000e+03]
   [ -9.99900000e+03]
   [ -9.99900000e+03]
   [ -9.99900000e+03]
   [ -9.99900000e+03]
   [ -9.99900000e+03]
   [ -9.99900000e+03]]]


 [[[ -9.99900000e+03]
   [ -9.99900000e+03]
   [ -9.99900000e+03]
   [ -9.99900000e+03]
   [ -9.99900000e+03]
   [ -9.99900000e+03]
   [ -9.99900000e+03]
   [ -9.99900000e+03]
   [ -9.99900000e+03]
   [ -9.99900000e+03]
   [ -9.99900000e+03]
   [ -9.99900000e+03]
   [ -9.99900000e+03]
   [ -9.99900000e+03]
   [ -9.99900000e+03]
   [ -9.99900000e+03]
   [ -9.99900000e+03]
   [ -9.99900000e+03]
   [ -9.99900000e+03]
   [ -9.99900000e+03]
   [ -2.63917650e+01]
   [ -2.63917654e+01]
   [ -2.63917707e+01]
   [ -2.63917768e+01]
   [ -2.63917727e+01]
   [ -2.63917673e+01]
   [ -2.63917727e+01]
   [ -2.63917724e+01]
   [ -2.63917686e+01]
   [ -2.63917736e+01]
   [ -2.63917756e+01]
   [ -2.63917761e+01]
   [ -9.99900000e+03]
   [ -9.99900000e+03]
   [ -9.99900000e+03]
   [ -9.99900000e+03]
   [ -9.99900000e+03]
   [ -9.99900000e+03]
   [ -9.99900000e+03]
   [ -9.99900000e+03]
   [ -9.99900000e+03]
   [ -9.99900000e+03]
   [ -9.99900000e+03]
   [ -9.99900000e+03]
   [ -9.99900000e+03]
   [ -9.99900000e+03]
   [ -9.99900000e+03]
   [ -9.99900000e+03]
   [ -9.99900000e+03]
   [ -9.99900000e+03]]]


 [[[ -9.99900000e+03]
   [ -9.99900000e+03]
   [ -9.99900000e+03]
   [ -9.99900000e+03]
   [ -9.99900000e+03]
   [ -9.99900000e+03]
   [ -9.99900000e+03]
   [ -9.99900000e+03]
   [ -9.99900000e+03]
   [ -9.99900000e+03]
   [ -9.99900000e+03]
   [ -9.99900000e+03]
   [ -9.99900000e+03]
   [ -9.99900000e+03]
   [ -9.99900000e+03]
   [ -9.99900000e+03]
   [ -9.99900000e+03]
   [ -9.99900000e+03]
   [ -2.91246302e+01]
   [ -2.47962040e+01]
   [  3.84308471e+00]
   [  3.53797660e+00]
   [ -2.26512188e+01]
   [ -9.99900000e+03]
   [ -9.99900000e+03]
   [ -9.99900000e+03]
   [ -9.99900000e+03]
   [  1.97396017e+00]
   [  1.33333932e+01]
   [  1.95529847e+01]
   [  2.24291782e+01]
   [  2.30973481e+01]
   [  2.38196796e+01]
   [  2.42491479e+01]
   [  2.38310286e+01]
   [  2.32170030e+01]
   [  2.36818657e+01]
   [  7.39060228e+00]
   [ -9.99900000e+03]
   [ -9.99900000e+03]
   [ -9.99900000e+03]
   [ -9.99900000e+03]
   [ -9.99900000e+03]
   [ -9.99900000e+03]
   [ -9.99900000e+03]
   [ -9.99900000e+03]
   [ -9.99900000e+03]
   [ -9.99900000e+03]
   [ -9.99900000e+03]
   [ -9.99900000e+03]]]]
[[[[[[ 249.46511709  249.46511709]]

    [[ 249.46864092  249.46864092]]

    [[ 249.47707696  249.47707695]]

    [[ 249.49076746  249.49076743]]

    [[ 249.51033588  249.51033583]]

    [[ 249.53673252  249.53673244]]

    [[ 249.57134925  249.57134913]]

    [[ 249.61620629  249.61620613]]

    [[ 249.67425577  249.67425556]]

    [[ 249.74987969  249.7498794 ]]

    [[ 249.84970198  249.84970161]]

    [[ 249.98380457  249.98380407]]

    [[ 250.16664265  250.16664198]]

    [[ 250.40928759  250.40928665]]

    [[ 250.60480487  250.6048034 ]]

    [[ 247.90819434  247.90819158]]

    [[   2.73          2.73      ]]

    [[   2.73          2.73      ]]

    [[   2.73          2.73      ]]

    [[   2.73          2.73      ]]

    [[   2.73          2.73      ]]

    [[   2.73          2.73      ]]

    [[   2.73          2.73      ]]

    [[   2.73          2.73      ]]

    [[   2.73          2.73      ]]

    [[   2.73          2.73      ]]

    [[   2.73          2.73      ]]

    [[   2.73          2.73      ]]

    [[   2.73          2.73      ]]

    [[   2.73          2.73      ]]

    [[   2.73          2.73      ]]

    [[   2.73          2.73      ]]]


   [[[ 249.61099607  249.61099607]]

    [[ 249.61593895  249.61593895]]

    [[ 249.62780235  249.62780235]]

    [[ 249.6471466   249.6471466 ]]

    [[ 249.67499673  249.67499673]]

    [[ 249.71294895  249.71294895]]

    [[ 249.76341369  249.76341368]]

    [[ 249.83003879  249.83003878]]

    [[ 249.91846843  249.91846842]]

    [[ 250.03777803  250.03777801]]

    [[ 250.20339337  250.20339335]]

    [[ 250.44363837  250.44363835]]

    [[ 250.81650948  250.81650945]]

    [[ 251.46168715  251.46168711]]

    [[ 252.81826177  252.8182617 ]]

    [[ 257.14753138  257.14753121]]

    [[ 178.08993594  178.08993242]]

    [[  85.78532257   85.78532101]]

    [[  56.86076799   56.86076703]]

    [[  43.10379016   43.10378949]]

    [[  35.15267292   35.15267242]]

    [[  30.02933338   30.02933301]]

    [[  26.49725022   26.49724994]]

    [[  23.95254031   23.9525401 ]]

    [[  22.06631703   22.06631687]]

    [[  20.64508807   20.64508796]]

    [[  19.5685168    19.56851672]]

    [[  18.7588293    18.75882925]]

    [[  18.16463452   18.16463449]]

    [[  17.75190019   17.75190018]]

    [[  17.49877219   17.49877219]]

    [[  17.39330496   17.39330496]]]]]




 [[[[[ 174.38142057  174.38142057]]

    [[ 174.49320198  174.49320195]]

    [[ 174.76101183  174.76101176]]

    [[ 175.19625596  175.1962558 ]]

    [[ 175.81974954  175.81974925]]

    [[ 176.66347078  176.66347034]]

    [[ 177.77480424  177.77480361]]

    [[ 179.22367047  179.22366959]]

    [[ 181.11469899  181.11469782]]

    [[ 183.60879915  183.60879761]]

    [[ 186.96334278  186.96334078]]

    [[ 191.6116364   191.61163379]]

    [[ 198.33025457  198.33025113]]

    [[ 208.60063611  208.60063145]]

    [[ 225.12752256  225.1275159 ]]

    [[ 244.10158485  244.10157565]]

    [[   2.73          2.73      ]]

    [[   2.73          2.73      ]]

    [[   2.73          2.73      ]]

    [[   2.73          2.73      ]]

    [[   2.73          2.73      ]]

    [[   2.73          2.73      ]]

    [[   2.73          2.73      ]]

    [[   2.73          2.73      ]]

    [[   2.73          2.73      ]]

    [[   2.73          2.73      ]]

    [[   2.73          2.73      ]]

    [[   2.73          2.73      ]]

    [[   2.73          2.73      ]]

    [[   2.73          2.73      ]]

    [[   2.73          2.73      ]]

    [[   2.73          2.73      ]]]


   [[[ 166.85232748  166.85232748]]

    [[ 166.91690666  166.91690665]]

    [[ 167.07183374  167.07183372]]

    [[ 167.32424464  167.32424459]]

    [[ 167.68718512  167.68718504]]

    [[ 168.18090383  168.1809037 ]]

    [[ 168.83583794  168.83583775]]

    [[ 169.69777076  169.6977705 ]]

    [[ 170.83697739  170.83697704]]

    [[ 172.36526958  172.36526912]]

    [[ 174.47001614  174.47001553]]

    [[ 177.48847157  177.48847076]]

    [[ 182.09098986  182.09098877]]

    [[ 189.81435004  189.8143485 ]]

    [[ 205.02555162  205.02554923]]

    [[ 243.1217689   243.12176431]]

    [[ 216.24739895  216.24738747]]

    [[ 121.00644355  121.00643756]]

    [[  82.97777655   82.9777727 ]]

    [[  63.66864695   63.66864422]]

    [[  52.16161957   52.16161755]]

    [[  44.61477539   44.61477385]]

    [[  39.35224508   39.35224391]]

    [[  35.53090232   35.53090144]]

    [[  32.68233195   32.68233129]]

    [[  30.52700956   30.52700909]]

    [[  28.88925117   28.88925084]]

    [[  27.6546013    27.65460109]]

    [[  26.74696918   26.74696906]]

    [[  26.11573475   26.11573469]]

    [[  25.72828473   25.72828471]]

    [[  25.56678043   25.56678043]]]]]




 [[[[[ 171.76092603  171.76093066]]

    [[ 172.49677802  171.45045642]]

    [[ 174.23730639  170.72727737]]

    [[ 176.99913079  169.61250188]]

    [[ 180.813658    168.14041866]]

    [[ 185.71606372  166.36767419]]

    [[ 191.73315479  164.38436958]]

    [[ 198.85926643  162.33077798]]

    [[ 207.00772561  160.422129  ]]

    [[ 215.91185208  158.98447709]]

    [[ 224.91964653  158.50360638]]

    [[ 232.5629238   159.6798525 ]]

    [[ 235.67549042  163.44188989]]

    [[ 248.8864835   181.3865652 ]]

    [[ 247.12291396  212.12527901]]

    [[ 244.32961224  243.47370964]]

    [[   2.73          2.73      ]]

    [[   2.73          2.73      ]]

    [[   2.73          2.73      ]]

    [[   2.73          2.73      ]]

    [[   2.73          2.73      ]]

    [[   2.73          2.73      ]]

    [[   2.73          2.73      ]]

    [[   2.73          2.73      ]]

    [[   2.73          2.73      ]]

    [[   2.73          2.73      ]]

    [[   2.73          2.73      ]]

    [[   2.73          2.73      ]]

    [[   2.73          2.73      ]]

    [[   2.73          2.73      ]]

    [[   2.73          2.73      ]]

    [[   2.73          2.73      ]]]


   [[[ 160.84294101  160.84294629]]

    [[ 161.59762616  160.40136653]]

    [[ 163.38593391  159.36336521]]

    [[ 166.23311424  157.7349521 ]]

    [[ 170.18550676  155.523315  ]]

    [[ 175.30098784  152.74400925]]

    [[ 181.63892916  149.42726982]]

    [[ 189.23805279  145.62677101]]

    [[ 198.0671389   141.43074965]]

    [[ 207.91346758  136.97268682]]

    [[ 218.12115742  132.42815514]]

    [[ 226.94110072  127.942032  ]]

    [[ 229.77374653  123.24482226]]

    [[ 249.63480257  133.97830552]]

    [[ 247.01410535  161.65834251]]

    [[ 248.50044725  236.19352715]]

    [[ 235.16138288  235.16134549]]

    [[ 148.79463875  148.79461649]]

    [[ 105.60650289  105.60648806]]

    [[  82.21132178   82.21131109]]

    [[  67.83706816   67.83706015]]

    [[  58.24165758   58.24165147]]

    [[  51.47379152   51.47378685]]

    [[  46.52046072   46.52045717]]

    [[  42.80703085   42.80702821]]

    [[  39.98549641   39.9854945 ]]

    [[  37.83473867   37.83473736]]

    [[  36.20951416   36.20951332]]

    [[  35.01266001   35.01265952]]

    [[  34.17923459   34.17923436]]

    [[  33.66725677   33.6672567 ]]

    [[  33.45374942   33.45374942]]]]]




 [[[[[ 179.19119597  179.19120103]]

    [[ 179.93479464  179.07189992]]

    [[ 181.69437607  178.80841   ]]

    [[ 184.48839869  178.44358468]]

    [[ 188.35096061  178.04872046]]

    [[ 193.32039372  177.73190293]]

    [[ 199.42684103  177.64919554]]

    [[ 206.6683871   178.02004601]]

    [[ 214.96471716  179.14699508]]

    [[ 224.06677931  181.43728139]]

    [[ 233.38104829  185.41530295]]

    [[ 241.63763041  191.68662093]]

    [[ 246.34500162  200.72368631]]

    [[ 255.92399163  215.43988132]]

    [[ 248.18184829  231.17860935]]

    [[ 215.95932342  209.48502157]]

    [[   2.73          2.73      ]]

    [[   2.73          2.73      ]]

    [[   2.73          2.73      ]]

    [[   2.73          2.73      ]]

    [[   2.73          2.73      ]]

    [[   2.73          2.73      ]]

    [[   2.73          2.73      ]]

    [[   2.73          2.73      ]]

    [[   2.73          2.73      ]]

    [[   2.73          2.73      ]]

    [[   2.73          2.73      ]]

    [[   2.73          2.73      ]]

    [[   2.73          2.73      ]]

    [[   2.73          2.73      ]]

    [[   2.73          2.73      ]]

    [[   2.73          2.73      ]]]


   [[[ 161.29212451  161.29213086]]

    [[ 162.07518304  160.99803703]]

    [[ 163.93505197  160.31792974]]

    [[ 166.90880306  159.28240533]]

    [[ 171.06301574  157.94111466]]

    [[ 176.48620091  156.37194175]]

    [[ 183.28255128  154.69216289]]

    [[ 191.55643443  153.07485037]]

    [[ 201.37509246  151.77228093]]

    [[ 212.68015042  151.14745702]]

    [[ 225.0751319   151.70962991]]

    [[ 237.29868562  154.12452844]]

    [[ 245.86037604  159.05644992]]

    [[ 272.84052679  174.66893183]]

    [[ 278.51690173  211.79976819]]

    [[ 278.21162394  268.2100776 ]]

    [[ 267.78323379  267.65553115]]

    [[ 205.14116329  204.47291344]]

    [[ 156.55320659  155.88514486]]

    [[ 126.02706139  125.46123293]]

    [[ 105.87628216  105.41650672]]

    [[  91.84595053   91.47941206]]

    [[  81.67354671   81.38601658]]

    [[  74.08366926   73.86237607]]

    [[  68.31315407   68.14705522]]

    [[  63.88223746   63.76175831]]

    [[  60.47764095   60.39435649]]

    [[  57.88932188   57.83568234]]

    [[  55.97456973   55.94367986]]

    [[  54.6368826    54.62232373]]

    [[  53.81335424   53.80903569]]

    [[  53.46952143   53.46952144]]]]]]
[[ 0.]
 [ 0.]
 [ 0.]
 [ 0.]]
